Component: ARM Compiler 5.06 update 7 (build 960) Tool: armlink [4d3601]

==============================================================================

Section Cross References

    startup_stm32f103xe.o(STACK) refers (Special) to heapauxi.o(.text) for __use_two_region_memory
    startup_stm32f103xe.o(HEAP) refers (Special) to heapauxi.o(.text) for __use_two_region_memory
    startup_stm32f103xe.o(RESET) refers (Special) to heapauxi.o(.text) for __use_two_region_memory
    startup_stm32f103xe.o(RESET) refers to startup_stm32f103xe.o(STACK) for __initial_sp
    startup_stm32f103xe.o(RESET) refers to startup_stm32f103xe.o(.text) for Reset_Handler
    startup_stm32f103xe.o(RESET) refers to stm32f1xx_it.o(i.NMI_Handler) for NMI_Handler
    startup_stm32f103xe.o(RESET) refers to stm32f1xx_it.o(i.HardFault_Handler) for HardFault_Handler
    startup_stm32f103xe.o(RESET) refers to stm32f1xx_it.o(i.MemManage_Handler) for MemManage_Handler
    startup_stm32f103xe.o(RESET) refers to stm32f1xx_it.o(i.BusFault_Handler) for BusFault_Handler
    startup_stm32f103xe.o(RESET) refers to stm32f1xx_it.o(i.UsageFault_Handler) for UsageFault_Handler
    startup_stm32f103xe.o(RESET) refers to port.o(.emb_text) for SVC_Handler
    startup_stm32f103xe.o(RESET) refers to stm32f1xx_it.o(i.DebugMon_Handler) for DebugMon_Handler
    startup_stm32f103xe.o(RESET) refers to port.o(i.SysTick_Handler) for SysTick_Handler
    startup_stm32f103xe.o(RESET) refers to stm32f1xx_it.o(i.USB_LP_CAN1_RX0_IRQHandler) for USB_LP_CAN1_RX0_IRQHandler
    startup_stm32f103xe.o(RESET) refers to stm32f1xx_it.o(i.TIM2_IRQHandler) for TIM2_IRQHandler
    startup_stm32f103xe.o(RESET) refers to stm32f1xx_it.o(i.TIM3_IRQHandler) for TIM3_IRQHandler
    startup_stm32f103xe.o(RESET) refers to stm32f1xx_it.o(i.TIM4_IRQHandler) for TIM4_IRQHandler
    startup_stm32f103xe.o(RESET) refers to stm32f1xx_it.o(i.TIM8_UP_IRQHandler) for TIM8_UP_IRQHandler
    startup_stm32f103xe.o(RESET) refers to stm32f1xx_it.o(i.TIM6_IRQHandler) for TIM6_IRQHandler
    startup_stm32f103xe.o(RESET) refers to stm32f1xx_it.o(i.TIM7_IRQHandler) for TIM7_IRQHandler
    startup_stm32f103xe.o(.text) refers (Special) to heapauxi.o(.text) for __use_two_region_memory
    startup_stm32f103xe.o(.text) refers to system_stm32f1xx.o(i.SystemInit) for SystemInit
    startup_stm32f103xe.o(.text) refers to __main.o(!!!main) for __main
    startup_stm32f103xe.o(.text) refers to startup_stm32f103xe.o(HEAP) for Heap_Mem
    startup_stm32f103xe.o(.text) refers to startup_stm32f103xe.o(STACK) for Stack_Mem
    armlib_lock_glue.o(i.__armlib_thread_safety_init) refers to armlib_lock_glue.o(i.stm32_lock_acquire) for stm32_lock_acquire
    armlib_lock_glue.o(i.__armlib_thread_safety_init) refers to armlib_lock_glue.o(i.stm32_lock_release) for stm32_lock_release
    armlib_lock_glue.o(i.__armlib_thread_safety_init) refers to armlib_lock_glue.o(.bss) for .bss
    armlib_lock_glue.o(i._mutex_acquire) refers to armlib_lock_glue.o(i.stm32_lock_acquire) for stm32_lock_acquire
    armlib_lock_glue.o(i._mutex_acquire) refers to main.o(i.Error_Handler) for Error_Handler
    armlib_lock_glue.o(i._mutex_acquire) refers to armlib_lock_glue.o(i.stm32_lock_release) for stm32_lock_release
    armlib_lock_glue.o(i._mutex_acquire) refers to armlib_lock_glue.o(.bss) for .bss
    armlib_lock_glue.o(i._mutex_free) refers to armlib_lock_glue.o(i.stm32_lock_acquire) for stm32_lock_acquire
    armlib_lock_glue.o(i._mutex_free) refers to main.o(i.Error_Handler) for Error_Handler
    armlib_lock_glue.o(i._mutex_free) refers to armlib_lock_glue.o(i.stm32_lock_release) for stm32_lock_release
    armlib_lock_glue.o(i._mutex_free) refers to armlib_lock_glue.o(.bss) for .bss
    armlib_lock_glue.o(i._mutex_initialize) refers to armlib_lock_glue.o(i.stm32_lock_acquire) for stm32_lock_acquire
    armlib_lock_glue.o(i._mutex_initialize) refers to armlib_lock_glue.o(i.stm32_lock_release) for stm32_lock_release
    armlib_lock_glue.o(i._mutex_initialize) refers to main.o(i.Error_Handler) for Error_Handler
    armlib_lock_glue.o(i._mutex_initialize) refers to armlib_lock_glue.o(.bss) for .bss
    armlib_lock_glue.o(i._mutex_release) refers to armlib_lock_glue.o(i.stm32_lock_acquire) for stm32_lock_acquire
    armlib_lock_glue.o(i._mutex_release) refers to main.o(i.Error_Handler) for Error_Handler
    armlib_lock_glue.o(i._mutex_release) refers to armlib_lock_glue.o(i.stm32_lock_release) for stm32_lock_release
    armlib_lock_glue.o(i._mutex_release) refers to armlib_lock_glue.o(.bss) for .bss
    armlib_lock_glue.o(i.stm32_lock_acquire) refers to main.o(i.Error_Handler) for Error_Handler
    armlib_lock_glue.o(i.stm32_lock_release) refers to main.o(i.Error_Handler) for Error_Handler
    armlib_lock_glue.o(.init_array) refers to armlib_lock_glue.o(i.__armlib_thread_safety_init) for __armlib_thread_safety_init
    armlib_lock_glue.o(.init_array) refers to init_aeabi.o(.text) for __cpp_initialize__aeabi_
[...]
    .data                                    0x200000d4   Section        1  usbd_ctlreq.o(.data)
    cfgidx                                   0x200000d4   Data           1  usbd_ctlreq.o(.data)
    .data                                    0x200000d8   Section      215  usbd_cdc.o(.data)
    USBD_CDC_DeviceQualifierDesc             0x200000d8   Data          10  usbd_cdc.o(.data)
    .data                                    0x200001b0   Section       56  usbd_cdc.o(.data)
    .data                                    0x200001e8   Section        8  speed_calculate.o(.data)
    .bss                                     0x200001f0   Section      140  armlib_lock_glue.o(.bss)
    static_list_lock                         0x200001f0   Data          12  armlib_lock_glue.o(.bss)
    static_lock                              0x200001fc   Data         128  armlib_lock_glue.o(.bss)
    .bss                                     0x2000027c   Section      596  freertos.o(.bss)
    xIdleTaskTCBBuffer                       0x2000027c   Data          84  freertos.o(.bss)
    xIdleStack                               0x200002d0   Data         512  freertos.o(.bss)
    .bss                                     0x200004d0   Section       48  adc.o(.bss)
    .bss                                     0x20000500   Section       84  i2c.o(.bss)
    .bss                                     0x20000554   Section      176  spi.o(.bss)
    .bss                                     0x20000604   Section      504  tim.o(.bss)
    .bss                                     0x200007fc   Section      204  usart.o(.bss)
    .bss                                     0x200008c8   Section       72  stm32f1xx_hal_timebase_tim.o(.bss)
    .bss                                     0x20000910   Section      420  tasks.o(.bss)
    pxReadyTasksLists                        0x20000910   Data         320  tasks.o(.bss)
    xDelayedTaskList1                        0x20000a50   Data          20  tasks.o(.bss)
    xDelayedTaskList2                        0x20000a64   Data          20  tasks.o(.bss)
    xPendingReadyList                        0x20000a78   Data          20  tasks.o(.bss)
    xTasksWaitingTermination                 0x20000a8c   Data          20  tasks.o(.bss)
    xSuspendedTaskList                       0x20000aa0   Data          20  tasks.o(.bss)
    .bss                                     0x20000ab4   Section    20480  heap_4.o(.bss)
    ucHeap                                   0x20000ab4   Data       20480  heap_4.o(.bss)
    .bss                                     0x20005ab4   Section      708  usb_device.o(.bss)
    .bss                                     0x20005d78   Section      512  usbd_desc.o(.bss)
    .bss                                     0x20005f78   Section     1024  usbd_cdc_if.o(.bss)
    .bss                                     0x20006378   Section     1292  usbd_conf.o(.bss)
    mem                                      0x20006378   Data         544  usbd_conf.o(.bss)
    .bss                                     0x20006884   Section       96  libspace.o(.bss)
    HEAP                                     0x200068e8   Section     1536  startup_stm32f103xe.o(HEAP)
    Heap_Mem                                 0x200068e8   Data        1536  startup_stm32f103xe.o(HEAP)
    STACK                                    0x20006ee8   Section     1024  startup_stm32f103xe.o(STACK)
    Stack_Mem                                0x20006ee8   Data        1024  startup_stm32f103xe.o(STACK)
    __initial_sp                             0x200072e8   Data           0  startup_stm32f103xe.o(STACK)

    Global Symbols

    Symbol Name                              Value     Ov Type        Size  Object(Section)

    BuildAttributes$$THM_ISAv4$P$D$K$B$S$PE$A:L22UL41UL21$X:L11$S22US41US21$IEEE1$IW$USESV6$~STKCKD$USESV7$~SHL$OSPACE$ROPI$EBA8$UX$STANDARDLIB$REQ8$PRES8$EABIv2 0x00000000   Number         0  anon$$obj.o ABSOLUTE
    __ARM_use_no_argv                        0x00000000   Number         0  main.o ABSOLUTE
    __ARM_exceptions_init                     - Undefined Weak Reference
    __alloca_initialize                       - Undefined Weak Reference
    __arm_fini_                               - Undefined Weak Reference
    __arm_preinit_                            - Undefined Weak Reference
    __cxa_finalize                            - Undefined Weak Reference
    __rt_locale                               - Undefined Weak Reference
    __sigvec_lookup                           - Undefined Weak Reference
    _atexit_init                              - Undefined Weak Reference
    _call_atexit_fns                          - Undefined Weak Reference
    _clock_init                               - Undefined Weak Reference
    _fp_trap_init                             - Undefined Weak Reference
    _fp_trap_shutdown                         - Undefined Weak Reference
    _get_lc_collate                           - Undefined Weak Reference
    _get_lc_ctype                             - Undefined Weak Reference
    _get_lc_monetary                          - Undefined Weak Reference
    _get_lc_numeric                           - Undefined Weak Reference
    _get_lc_time                              - Undefined Weak Reference
    _getenv_init                              - Undefined Weak Reference
    _handle_redirection                       - Undefined Weak Reference
    _init_alloc                               - Undefined Weak Reference
    _init_user_alloc                          - Undefined Weak Reference
    _initio                                   - Undefined Weak Reference
    _rand_init                                - Undefined Weak Reference
    _signal_finish                            - Undefined Weak Reference
    _signal_init                              - Undefined Weak Reference
    _terminate_alloc                          - Undefined Weak Reference
    _terminate_user_alloc                     - Undefined Weak Reference
    _terminateio                              - Undefined Weak Reference
    __Vectors_Size                           0x00000130   Number         0  startup_stm32f103xe.o ABSOLUTE
    __Vectors                                0x08000000   Data           4  startup_stm32f103xe.o(RESET)
    __Vectors_End                            0x08000130   Data           0  startup_stm32f103xe.o(RESET)
    __main                                   0x08000131   Thumb Code     8  __main.o(!!!main)
    __scatterload                            0x08000139   Thumb Code     0  __scatter.o(!!!scatter)
    __scatterload_rt2                        0x08000139   Thumb Code    44  __scatter.o(!!!scatter)
    __scatterload_rt2_thumb_only             0x08000139   Thumb Code     0  __scatter.o(!!!scatter)
    __scatterload_null                       0x08000147   Thumb Code     0  __scatter.o(!!!scatter)
    __decompress                             0x0800016d   Thumb Code    90  __dczerorl2.o(!!dczerorl2)
    __decompress1                            0x0800016d   Thumb Code     0  __dczerorl2.o(!!dczerorl2)
    __scatterload_zeroinit                   0x080001c9   Thumb Code    28  __scatter_zi.o(!!handler_zi)
    __rt_lib_init                            0x080001e5   Thumb Code     0  libinit.o(.ARM.Collect$$libinit$$00000000)
    __rt_lib_init_alloca_1                   0x080001e7   Thumb Code     0  libinit2.o(.ARM.Collect$$libinit$$0000002E)
    __rt_lib_init_argv_1                     0x080001e7   Thumb Code     0  libinit2.o(.ARM.Collect$$libinit$$0000002C)
    __rt_lib_init_atexit_1                   0x080001e7   Thumb Code     0  libinit2.o(.ARM.Collect$$libinit$$0000001B)
    __rt_lib_init_clock_1                    0x080001e7   Thumb Code     0  libinit2.o(.ARM.Collect$$libinit$$00000021)
    __rt_lib_init_cpp_2                      0x080001e7   Thumb Code     0  libinit2.o(.ARM.Collect$$libinit$$00000031)
    __rt_lib_init_exceptions_1               0x080001e7   Thumb Code     0  libinit2.o(.ARM.Collect$$libinit$$00000030)
    __rt_lib_init_fp_1                       0x080001e7   Thumb Code     0  libinit2.o(.ARM.Collect$$libinit$$00000002)
    __rt_lib_init_fp_trap_1                  0x080001e7   Thumb Code     0  libinit2.o(.ARM.Collect$$libinit$$0000001F)
    __rt_lib_init_getenv_1                   0x080001e7   Thumb Code     0  libinit2.o(.ARM.Collect$$libinit$$00000023)
    __rt_lib_init_heap_1                     0x080001e7   Thumb Code     0  libinit2.o(.ARM.Collect$$libinit$$0000000A)
    __rt_lib_init_lc_collate_1               0x080001e7   Thumb Code     0  libinit2.o(.ARM.Collect$$libinit$$00000011)
    __rt_lib_init_lc_ctype_1                 0x080001e7   Thumb Code     0  libinit2.o(.ARM.Collect$$libinit$$00000013)
    __rt_lib_init_lc_monetary_1              0x080001e7   Thumb Code     0  libinit2.o(.ARM.Collect$$libinit$$00000015)
    __rt_lib_init_lc_numeric_1               0x080001e7   Thumb Code     0  libinit2.o(.ARM.Collect$$libinit$$00000017)
    __rt_lib_init_lc_time_1                  0x080001e7   Thumb Code     0  libinit2.o(.ARM.Collect$$libinit$$00000019)
    __rt_lib_init_preinit_1                  0x080001e7   Thumb Code     0  libinit2.o(.ARM.Collect$$libinit$$00000004)
    __rt_lib_init_rand_1                     0x080001e7   Thumb Code     0  libinit2.o(.ARM.Collect$$libinit$$0000000E)
    __rt_lib_init_signal_1                   0x080001e7   Thumb Code     0  libinit2.o(.ARM.Collect$$libinit$$0000001D)
    __rt_lib_init_stdio_1                    0x080001e7   Thumb Code     0  libinit2.o(.ARM.Collect$$libinit$$00000025)
    __rt_lib_init_user_alloc_1               0x080001e7   Thumb Code     0  libinit2.o(.ARM.Collect$$libinit$$0000000C)
    __rt_lib_init_cpp_1                      0x080001eb   Thumb Code     0  libinit2.o(.ARM.Collect$$libinit$$00000032)
    __rt_lib_init_return                     0x080001eb   Thumb Code     0  libinit2.o(.ARM.Collect$$libinit$$00000033)
    __rt_lib_shutdown                        0x080001ed   Thumb Code     0  libshutdown.o(.ARM.Collect$$libshutdown$$00000000)
    __rt_lib_shutdown_cpp_1                  0x080001ef   Thumb Code     0  libshutdown2.o(.ARM.Collect$$libshutdown$$00000004)
    __rt_lib_shutdown_fini_1                 0x080001ef   Thumb Code     0  libshutdown2.o(.ARM.Collect$$libshutdown$$00000002)
    __rt_lib_shutdown_fp_trap_1              0x080001ef   Thumb Code     0  libshutdown2.o(.ARM.Collect$$libshutdown$$00000009)
    __rt_lib_shutdown_heap_1                 0x080001ef   Thumb Code     0  libshutdown2.o(.ARM.Collect$$libshutdown$$00000011)
    __rt_lib_shutdown_return                 0x080001ef   Thumb Code     0  libshutdown2.o(.ARM.Collect$$libshutdown$$00000012)
    __rt_lib_shutdown_signal_1               0x080001ef   Thumb Code     0  libshutdown2.o(.ARM.Collect$$libshutdown$$0000000C)
    __rt_lib_shutdown_stdio_1                0x080001ef   Thumb Code     0  libshutdown2.o(.ARM.Collect$$libshutdown$$00000006)
    __rt_lib_shutdown_user_alloc_1           0x080001ef   Thumb Code     0  libshutdown2.o(.ARM.Collect$$libshutdown$$0000000E)
    __rt_entry                               0x080001f1   Thumb Code     0  __rtentry.o(.ARM.Collect$$rtentry$$00000000)
    __rt_entry_presh_1                       0x080001f1   Thumb Code     0  __rtentry2.o(.ARM.Collect$$rtentry$$00000002)
    __rt_entry_sh                            0x080001f1   Thumb Code     0  __rtentry4.o(.ARM.Collect$$rtentry$$00000004)
    __rt_entry_li                            0x080001f7   Thumb Code     0  __rtentry2.o(.ARM.Collect$$rtentry$$0000000A)
    __rt_entry_postsh_1                      0x080001f7   Thumb Code     0  __rtentry2.o(.ARM.Collect$$rtentry$$00000009)
    __rt_entry_main                          0x080001fb   Thumb Code     0  __rtentry2.o(.ARM.Collect$$rtentry$$0000000D)
    __rt_entry_postli_1                      0x080001fb   Thumb Code     0  __rtentry2.o(.ARM.Collect$$rtentry$$0000000C)
    __rt_exit                                0x08000203   Thumb Code     0  rtexit.o(.ARM.Collect$$rtexit$$00000000)
    __rt_exit_ls                             0x08000205   Thumb Code     0  rtexit2.o(.ARM.Collect$$rtexit$$00000003)
    __rt_exit_prels_1                        0x08000205   Thumb Code     0  rtexit2.o(.ARM.Collect$$rtexit$$00000002)
    __rt_exit_exit                           0x08000209   Thumb Code     0  rtexit2.o(.ARM.Collect$$rtexit$$00000004)
    SVC_Handler                              0x08000211   Thumb Code    32  port.o(.emb_text)
    __asm___6_port_c_39a90d8d__prvStartFirstTask 0x08000235   Thumb Code    28  port.o(.emb_text)
    PendSV_Handler                           0x08000255   Thumb Code    72  port.o(.emb_text)
    vPortGetIPSR                             0x080002a1   Thumb Code     6  port.o(.emb_text)
    Reset_Handler                            0x080002a9   Thumb Code     8  startup_stm32f103xe.o(.text)
    ADC1_2_IRQHandler                        0x080002c3   Thumb Code     0  startup_stm32f103xe.o(.text)
    ADC3_IRQHandler                          0x080002c3   Thumb Code     0  startup_stm32f103xe.o(.text)
    CAN1_RX1_IRQHandler                      0x080002c3   Thumb Code     0  startup_stm32f103xe.o(.text)
    CAN1_SCE_IRQHandler                      0x080002c3   Thumb Code     0  startup_stm32f103xe.o(.text)
    DMA1_Channel1_IRQHandler                 0x080002c3   Thumb Code     0  startup_stm32f103xe.o(.text)
    DMA1_Channel2_IRQHandler                 0x080002c3   Thumb Code     0  startup_stm32f103xe.o(.text)
    DMA1_Channel3_IRQHandler                 0x080002c3   Thumb Code     0  startup_stm32f103xe.o(.text)
    DMA1_Channel4_IRQHandler                 0x080002c3   Thumb Code     0  startup_stm32f103xe.o(.text)
    DMA1_Channel5_IRQHandler                 0x080002c3   Thumb Code     0  startup_stm32f103xe.o(.text)
    DMA1_Channel6_IRQHandler                 0x080002c3   Thumb Code     0  startup_stm32f103xe.o(.text)
    DMA1_Channel7_IRQHandler                 0x080002c3   Thumb Code     0  startup_stm32f103xe.o(.text)
    DMA2_Channel1_IRQHandler                 0x080002c3   Thumb Code     0  startup_stm32f103xe.o(.text)
    DMA2_Channel2_IRQHandler                 0x080002c3   Thumb Code     0  startup_stm32f103xe.o(.text)
    DMA2_Channel3_IRQHandler                 0x080002c3   Thumb Code     0  startup_stm32f103xe.o(.text)
    DMA2_Channel4_5_IRQHandler               0x080002c3   Thumb Code     0  startup_stm32f103xe.o(.text)
    EXTI0_IRQHandler                         0x080002c3   Thumb Code     0  startup_stm32f103xe.o(.text)
    EXTI15_10_IRQHandler                     0x080002c3   Thumb Code     0  startup_stm32f103xe.o(.text)
    EXTI1_IRQHandler                         0x080002c3   Thumb Code     0  startup_stm32f103xe.o(.text)
    EXTI2_IRQHandler                         0x080002c3   Thumb Code     0  startup_stm32f103xe.o(.text)
    EXTI3_IRQHandler                         0x080002c3   Thumb Code     0  startup_stm32f103xe.o(.text)
    EXTI4_IRQHandler                         0x080002c3   Thumb Code     0  startup_stm32f103xe.o(.text)
    EXTI9_5_IRQHandler                       0x080002c3   Thumb Code     0  startup_stm32f103xe.o(.text)
    FLASH_IRQHandler                         0x080002c3   Thumb Code     0  startup_stm32f103xe.o(.text)
    FSMC_IRQHandler                          0x080002c3   Thumb Code     0  startup_stm32f103xe.o(.text)
    I2C1_ER_IRQHandler                       0x080002c3   Thumb Code     0  startup_stm32f103xe.o(.text)
    I2C1_EV_IRQHandler                       0x080002c3   Thumb Code     0  startup_stm32f103xe.o(.text)
    I2C2_ER_IRQHandler                       0x080002c3   Thumb Code     0  startup_stm32f103xe.o(.text)
    I2C2_EV_IRQHandler                       0x080002c3   Thumb Code     0  startup_stm32f103xe.o(.text)
    PVD_IRQHandler                           0x080002c3   Thumb Code     0  startup_stm32f103xe.o(.text)
    RCC_IRQHandler                           0x080002c3   Thumb Code     0  startup_stm32f103xe.o(.text)
    RTC_Alarm_IRQHandler                     0x080002c3   Thumb Code     0  startup_stm32f103xe.o(.text)
    RTC_IRQHandler                           0x080002c3   Thumb Code     0  startup_stm32f103xe.o(.text)
    SDIO_IRQHandler                          0x080002c3   Thumb Code     0  startup_stm32f103xe.o(.text)
    SPI1_IRQHandler                          0x080002c3   Thumb Code     0  startup_stm32f103xe.o(.text)
    SPI2_IRQHandler                          0x080002c3   Thumb Code     0  startup_stm32f103xe.o(.text)
    SPI3_IRQHandler                          0x080002c3   Thumb Code     0  startup_stm32f103xe.o(.text)
    TAMPER_IRQHandler                        0x080002c3   Thumb Code     0  startup_stm32f103xe.o(.text)
    TIM1_BRK_IRQHandler                      0x080002c3   Thumb Code     0  startup_stm32f103xe.o(.text)
    TIM1_CC_IRQHandler                       0x080002c3   Thumb Code     0  startup_stm32f103xe.o(.text)
    TIM1_TRG_COM_IRQHandler                  0x080002c3   Thumb Code     0  startup_stm32f103xe.o(.text)
    TIM1_UP_IRQHandler                       0x080002c3   Thumb Code     0  startup_stm32f103xe.o(.text)
    TIM5_IRQHandler                          0x080002c3   Thumb Code     0  startup_stm32f103xe.o(.text)
    TIM8_BRK_IRQHandler                      0x080002c3   Thumb Code     0  startup_stm32f103xe.o(.text)
    TIM8_CC_IRQHandler                       0x080002c3   Thumb Code     0  startup_stm32f103xe.o(.text)
    TIM8_TRG_COM_IRQHandler                  0x080002c3   Thumb Code     0  startup_stm32f103xe.o(.text)
    UART4_IRQHandler                         0x080002c3   Thumb Code     0  startup_stm32f103xe.o(.text)
    UART5_IRQHandler                         0x080002c3   Thumb Code     0  startup_stm32f103xe.o(.text)
    USART1_IRQHandler                        0x080002c3   Thumb Code     0  startup_stm32f103xe.o(.text)
    USART2_IRQHandler                        0x080002c3   Thumb Code     0  startup_stm32f103xe.o(.text)
    USART3_IRQHandler                        0x080002c3   Thumb Code     0  startup_stm32f103xe.o(.text)
    USBWakeUp_IRQHandler                     0x080002c3   Thumb Code     0  startup_stm32f103xe.o(.text)
    USB_HP_CAN1_TX_IRQHandler                0x080002c3   Thumb Code     0  startup_stm32f103xe.o(.text)
    WWDG_IRQHandler                          0x080002c3   Thumb Code     0  startup_stm32f103xe.o(.text)
    __user_initial_stackheap                 0x080002c5   Thumb Code     0  startup_stm32f103xe.o(.text)
    __aeabi_memcpy4                          0x080002e9   Thumb Code     0  rt_memcpy_w.o(.text)
    __aeabi_memcpy8                          0x080002e9   Thumb Code     0  rt_memcpy_w.o(.text)
    __rt_memcpy_w                            0x080002e9   Thumb Code   100  rt_memcpy_w.o(.text)
    _memcpy_lastbytes_aligned                0x08000331   Thumb Code     0  rt_memcpy_w.o(.text)
    __aeabi_memclr4                          0x0800034d   Thumb Code     0  rt_memclr_w.o(.text)
    __aeabi_memclr8                          0x0800034d   Thumb Code     0  rt_memclr_w.o(.text)
    __rt_memclr_w                            0x0800034d   Thumb Code    78  rt_memclr_w.o(.text)
    _memset_w                                0x08000351   Thumb Code     0  rt_memclr_w.o(.text)
    __use_two_region_memory                  0x0800039b   Thumb Code     2  heapauxi.o(.text)
    __rt_heap_escrow$2region                 0x0800039d   Thumb Code     2  heapauxi.o(.text)
    __rt_heap_expand$2region                 0x0800039f   Thumb Code     2  heapauxi.o(.text)
    __cpp_initialize__aeabi_                 0x080003a1   Thumb Code    26  init_aeabi.o(.text)
    __user_setup_stackheap                   0x080003c5   Thumb Code    74  sys_stackheap_outer.o(.text)
    exit                                     0x0800040f   Thumb Code    18  exit.o(.text)
    __user_libspace                          0x08000421   Thumb Code     8  libspace.o(.text)
    __user_perproc_libspace                  0x08000421   Thumb Code     0  libspace.o(.text)
    __user_perthread_libspace                0x08000421   Thumb Code     0  libspace.o(.text)
    __I$use$semihosting                      0x08000429   Thumb Code     0  use_no_semi.o(.text)
    __use_no_semihosting_swi                 0x08000429   Thumb Code     2  use_no_semi.o(.text)
    __semihosting_library_function           0x0800042b   Thumb Code     0  indicate_semi.o(.text)
    _sys_exit                                0x0800042d   Thumb Code     8  sys_exit.o(.text)
    ADC_ConversionStop_Disable               0x08000439   Thumb Code    86  stm32f1xx_hal_adc.o(i.ADC_ConversionStop_Disable)
    BusFault_Handler                         0x0800048f   Thumb Code     2  stm32f1xx_it.o(i.BusFault_Handler)
    DebugMon_Handler                         0x080004d5   Thumb Code     2  stm32f1xx_it.o(i.DebugMon_Handler)
    Error_Handler                            0x080004d7   Thumb Code     4  main.o(i.Error_Handler)
    HAL_ADC_ConfigChannel                    0x080004dd   Thumb Code   240  stm32f1xx_hal_adc.o(i.HAL_ADC_ConfigChannel)
    HAL_ADC_Init                             0x080005d9   Thumb Code   272  stm32f1xx_hal_adc.o(i.HAL_ADC_Init)
    HAL_ADC_MspInit                          0x080006f9   Thumb Code    74  adc.o(i.HAL_ADC_MspInit)
    HAL_GPIO_Init                            0x08000751   Thumb Code   462  stm32f1xx_hal_gpio.o(i.HAL_GPIO_Init)
    HAL_GetTick                              0x08000949   Thumb Code     6  stm32f1xx_hal.o(i.HAL_GetTick)
    HAL_I2C_Init                             0x08000955   Thumb Code   376  stm32f1xx_hal_i2c.o(i.HAL_I2C_Init)
    HAL_I2C_MspInit                          0x08000add   Thumb Code    82  i2c.o(i.HAL_I2C_MspInit)
    HAL_IncTick                              0x08000b3d   Thumb Code    12  stm32f1xx_hal.o(i.HAL_IncTick)
    HAL_Init                                 0x08000b4d   Thumb Code    32  stm32f1xx_hal.o(i.HAL_Init)
    HAL_InitTick                             0x08000b71   Thumb Code   132  stm32f1xx_hal_timebase_tim.o(i.HAL_InitTick)
    HAL_MspInit                              0x08000c09   Thumb Code    62  stm32f1xx_hal_msp.o(i.HAL_MspInit)
    HAL_NVIC_EnableIRQ                       0x08000c51   Thumb Code    26  stm32f1xx_hal_cortex.o(i.HAL_NVIC_EnableIRQ)
    HAL_NVIC_SetPriority                     0x08000c6d   Thumb Code    60  stm32f1xx_hal_cortex.o(i.HAL_NVIC_SetPriority)
    HAL_NVIC_SetPriorityGrouping             0x08000cad   Thumb Code    26  stm32f1xx_hal_cortex.o(i.HAL_NVIC_SetPriorityGrouping)
    HAL_PCDEx_PMAConfig                      0x08000cd1   Thumb Code    60  stm32f1xx_hal_pcd_ex.o(i.HAL_PCDEx_PMAConfig)
    HAL_PCDEx_SetConnectionState             0x08000d0d   Thumb Code     2  usbd_conf.o(i.HAL_PCDEx_SetConnectionState)
    HAL_PCD_DataInStageCallback              0x08000d0f   Thumb Code    18  usbd_conf.o(i.HAL_PCD_DataInStageCallback)
    HAL_PCD_DataOutStageCallback             0x08000d21   Thumb Code    20  usbd_conf.o(i.HAL_PCD_DataOutStageCallback)
    HAL_PCD_EP_Close                         0x08000d35   Thumb Code    76  stm32f1xx_hal_pcd.o(i.HAL_PCD_EP_Close)
    HAL_PCD_EP_ClrStall                      0x08000d81   Thumb Code    92  stm32f1xx_hal_pcd.o(i.HAL_PCD_EP_ClrStall)
    HAL_PCD_EP_GetRxCount                    0x080011f3   Thumb Code    18  stm32f1xx_hal_pcd.o(i.HAL_PCD_EP_GetRxCount)
    HAL_PCD_EP_Open                          0x08001205   Thumb Code    96  stm32f1xx_hal_pcd.o(i.HAL_PCD_EP_Open)
    HAL_PCD_EP_Receive                       0x08001265   Thumb Code    50  stm32f1xx_hal_pcd.o(i.HAL_PCD_EP_Receive)
    HAL_PCD_EP_SetStall                      0x08001297   Thumb Code   114  stm32f1xx_hal_pcd.o(i.HAL_PCD_EP_SetStall)
    HAL_PCD_EP_Transmit                      0x08001309   Thumb Code    52  stm32f1xx_hal_pcd.o(i.HAL_PCD_EP_Transmit)
    HAL_PCD_IRQHandler                       0x0800133d   Thumb Code   340  stm32f1xx_hal_pcd.o(i.HAL_PCD_IRQHandler)
    HAL_PCD_Init                             0x08001491   Thumb Code   218  stm32f1xx_hal_pcd.o(i.HAL_PCD_Init)
    HAL_PCD_MspInit                          0x0800156d   Thumb Code    50  usbd_conf.o(i.HAL_PCD_MspInit)
    HAL_PCD_ResetCallback                    0x080015a9   Thumb Code    38  usbd_conf.o(i.HAL_PCD_ResetCallback)
    HAL_PCD_ResumeCallback                   0x080015cf   Thumb Code     8  usbd_conf.o(i.HAL_PCD_ResumeCallback)
    HAL_PCD_SOFCallback                      0x080015d7   Thumb Code     8  usbd_conf.o(i.HAL_PCD_SOFCallback)
    HAL_PCD_SetAddress                       0x080015df   Thumb Code    40  stm32f1xx_hal_pcd.o(i.HAL_PCD_SetAddress)
    HAL_PCD_SetupStageCallback               0x08001607   Thumb Code    14  usbd_conf.o(i.HAL_PCD_SetupStageCallback)
    HAL_PCD_Start                            0x08001615   Thumb Code    50  stm32f1xx_hal_pcd.o(i.HAL_PCD_Start)
    HAL_PCD_SuspendCallback                  0x08001649   Thumb Code    30  usbd_conf.o(i.HAL_PCD_SuspendCallback)
    HAL_RCCEx_PeriphCLKConfig                0x0800166d   Thumb Code   224  stm32f1xx_hal_rcc_ex.o(i.HAL_RCCEx_PeriphCLKConfig)
    HAL_RCC_ClockConfig                      0x08001759   Thumb Code   280  stm32f1xx_hal_rcc.o(i.HAL_RCC_ClockConfig)
    HAL_RCC_GetClockConfig                   0x08001885   Thumb Code    54  stm32f1xx_hal_rcc.o(i.HAL_RCC_GetClockConfig)
    HAL_RCC_GetPCLK1Freq                     0x080018c5   Thumb Code    20  stm32f1xx_hal_rcc.o(i.HAL_RCC_GetPCLK1Freq)
    HAL_RCC_GetPCLK2Freq                     0x080018e5   Thumb Code    20  stm32f1xx_hal_rcc.o(i.HAL_RCC_GetPCLK2Freq)
    HAL_RCC_GetSysClockFreq                  0x08001905   Thumb Code    80  stm32f1xx_hal_rcc.o(i.HAL_RCC_GetSysClockFreq)
    HAL_RCC_OscConfig                        0x08001979   Thumb Code   778  stm32f1xx_hal_rcc.o(i.HAL_RCC_OscConfig)
    HAL_SPI_Init                             0x08001c99   Thumb Code   178  stm32f1xx_hal_spi.o(i.HAL_SPI_Init)
    HAL_SPI_MspInit                          0x08001d4d   Thumb Code   152  spi.o(i.HAL_SPI_MspInit)
    HAL_TIMEx_BreakCallback                  0x08001df9   Thumb Code     2  stm32f1xx_hal_tim_ex.o(i.HAL_TIMEx_BreakCallback)
    HAL_TIMEx_CommutCallback                 0x08001dfb   Thumb Code     2  stm32f1xx_hal_tim_ex.o(i.HAL_TIMEx_CommutCallback)
    HAL_TIMEx_ConfigBreakDeadTime            0x08001dfd   Thumb Code    84  stm32f1xx_hal_tim_ex.o(i.HAL_TIMEx_ConfigBreakDeadTime)
    HAL_TIMEx_MasterConfigSynchronization    0x08001e51   Thumb Code   104  stm32f1xx_hal_tim_ex.o(i.HAL_TIMEx_MasterConfigSynchronization)
    HAL_TIM_Base_Init                        0x08001ecd   Thumb Code    90  stm32f1xx_hal_tim.o(i.HAL_TIM_Base_Init)
    HAL_TIM_Base_MspInit                     0x08001f29   Thumb Code    94  tim.o(i.HAL_TIM_Base_MspInit)
    HAL_TIM_Base_Start_IT                    0x08001f99   Thumb Code    88  stm32f1xx_hal_tim.o(i.HAL_TIM_Base_Start_IT)
    HAL_TIM_ConfigClockSource                0x08002005   Thumb Code   214  stm32f1xx_hal_tim.o(i.HAL_TIM_ConfigClockSource)
    HAL_TIM_Encoder_Init                     0x080020db   Thumb Code   164  stm32f1xx_hal_tim.o(i.HAL_TIM_Encoder_Init)
    HAL_TIM_Encoder_MspInit                  0x08002181   Thumb Code   350  tim.o(i.HAL_TIM_Encoder_MspInit)
    HAL_TIM_IC_CaptureCallback               0x08002301   Thumb Code    66  isr.o(i.HAL_TIM_IC_CaptureCallback)
    HAL_TIM_IRQHandler                       0x08002359   Thumb Code   358  stm32f1xx_hal_tim.o(i.HAL_TIM_IRQHandler)
    HAL_TIM_MspPostInit                      0x080024c1   Thumb Code    88  tim.o(i.HAL_TIM_MspPostInit)
    HAL_TIM_OC_ConfigChannel                 0x08002529   Thumb Code    76  stm32f1xx_hal_tim.o(i.HAL_TIM_OC_ConfigChannel)
    HAL_TIM_OC_DelayElapsedCallback          0x08002575   Thumb Code     2  stm32f1xx_hal_tim.o(i.HAL_TIM_OC_DelayElapsedCallback)
    HAL_TIM_OC_Init                          0x08002577   Thumb Code    90  stm32f1xx_hal_tim.o(i.HAL_TIM_OC_Init)
    HAL_TIM_OC_MspInit                       0x080025d1   Thumb Code     2  stm32f1xx_hal_tim.o(i.HAL_TIM_OC_MspInit)
    HAL_TIM_PWM_ConfigChannel                0x080025d3   Thumb Code   198  stm32f1xx_hal_tim.o(i.HAL_TIM_PWM_ConfigChannel)
    HAL_TIM_PWM_Init                         0x08002699   Thumb Code    90  stm32f1xx_hal_tim.o(i.HAL_TIM_PWM_Init)
    HAL_TIM_PWM_MspInit                      0x080026f3   Thumb Code     2  stm32f1xx_hal_tim.o(i.HAL_TIM_PWM_MspInit)
    HAL_TIM_PWM_PulseFinishedCallback        0x080026f5   Thumb Code     2  stm32f1xx_hal_tim.o(i.HAL_TIM_PWM_PulseFinishedCallback)
    HAL_TIM_PeriodElapsedCallback            0x080026f9   Thumb Code    14  main.o(i.HAL_TIM_PeriodElapsedCallback)
    HAL_TIM_TriggerCallback                  0x0800270d   Thumb Code     2  stm32f1xx_hal_tim.o(i.HAL_TIM_TriggerCallback)
    HAL_UART_Init                            0x0800270f   Thumb Code    98  stm32f1xx_hal_uart.o(i.HAL_UART_Init)
    HAL_UART_MspInit                         0x08002771   Thumb Code   270  usart.o(i.HAL_UART_MspInit)
    HardFault_Handler                        0x080028a1   Thumb Code     2  stm32f1xx_it.o(i.HardFault_Handler)
    MX_ADC3_Init                             0x080028dd   Thumb Code    70  adc.o(i.MX_ADC3_Init)
    MX_FREERTOS_Init                         0x0800292d   Thumb Code    30  freertos.o(i.MX_FREERTOS_Init)
    MX_GPIO_Init                             0x08002955   Thumb Code   128  gpio.o(i.MX_GPIO_Init)
    MX_I2C2_Init                             0x080029e5   Thumb Code    50  i2c.o(i.MX_I2C2_Init)
    MX_SPI1_Init                             0x08002a25   Thumb Code    62  spi.o(i.MX_SPI1_Init)
    MX_SPI2_Init                             0x08002a6d   Thumb Code    60  spi.o(i.MX_SPI2_Init)
    MX_TIM1_Init                             0x08002ab1   Thumb Code   188  tim.o(i.MX_TIM1_Init)
    MX_TIM2_Init                             0x08002b75   Thumb Code   100  tim.o(i.MX_TIM2_Init)
    MX_TIM3_Init                             0x08002bdd   Thumb Code    96  tim.o(i.MX_TIM3_Init)
    MX_TIM4_Init                             0x08002c45   Thumb Code    96  tim.o(i.MX_TIM4_Init)
    MX_TIM5_Init                             0x08002cad   Thumb Code   190  tim.o(i.MX_TIM5_Init)
    MX_TIM6_Init                             0x08002d75   Thumb Code    62  tim.o(i.MX_TIM6_Init)
    MX_TIM8_Init                             0x08002dbd   Thumb Code    98  tim.o(i.MX_TIM8_Init)
    MX_UART5_Init                            0x08002e29   Thumb Code    48  usart.o(i.MX_UART5_Init)
    MX_USART1_UART_Init                      0x08002e61   Thumb Code    48  usart.o(i.MX_USART1_UART_Init)
    MX_USART3_UART_Init                      0x08002e99   Thumb Code    48  usart.o(i.MX_USART3_UART_Init)
    MX_USB_DEVICE_Init                       0x08002ed1   Thumb Code    66  usb_device.o(i.MX_USB_DEVICE_Init)
    MemManage_Handler                        0x08002f25   Thumb Code     2  stm32f1xx_it.o(i.MemManage_Handler)
    NMI_Handler                              0x08002f27   Thumb Code     2  stm32f1xx_it.o(i.NMI_Handler)
    StartDefaultTask                         0x0800323d   Thumb Code    12  freertos.o(i.StartDefaultTask)
    SysTick_Handler                          0x08003249   Thumb Code    38  port.o(i.SysTick_Handler)
    SystemClock_Config                       0x08003275   Thumb Code   126  main.o(i.SystemClock_Config)
    SystemInit                               0x080032f3   Thumb Code     2  system_stm32f1xx.o(i.SystemInit)
    TIM2_IRQHandler                          0x080032f5   Thumb Code     6  stm32f1xx_it.o(i.TIM2_IRQHandler)
    TIM3_IRQHandler                          0x08003301   Thumb Code     6  stm32f1xx_it.o(i.TIM3_IRQHandler)
    TIM4_IRQHandler                          0x0800330d   Thumb Code     6  stm32f1xx_it.o(i.TIM4_IRQHandler)
    TIM6_IRQHandler                          0x08003319   Thumb Code     6  stm32f1xx_it.o(i.TIM6_IRQHandler)
    TIM7_IRQHandler                          0x08003325   Thumb Code     6  stm32f1xx_it.o(i.TIM7_IRQHandler)
    TIM8_UP_IRQHandler                       0x08003331   Thumb Code     6  stm32f1xx_it.o(i.TIM8_UP_IRQHandler)
    TIM_Base_SetConfig                       0x0800333d   Thumb Code   120  stm32f1xx_hal_tim.o(i.TIM_Base_SetConfig)
    TIM_ETR_SetConfig                        0x080033c9   Thumb Code    20  stm32f1xx_hal_tim.o(i.TIM_ETR_SetConfig)
    TIM_OC2_SetConfig                        0x0800344d   Thumb Code    98  stm32f1xx_hal_tim.o(i.TIM_OC2_SetConfig)
    USBD_CDC_GetDeviceQualifierDescriptor    0x0800374d   Thumb Code     8  usbd_cdc.o(i.USBD_CDC_GetDeviceQualifierDescriptor)
    USBD_CDC_ReceivePacket                   0x08003811   Thumb Code    40  usbd_cdc.o(i.USBD_CDC_ReceivePacket)
    USBD_CDC_RegisterInterface               0x08003839   Thumb Code    16  usbd_cdc.o(i.USBD_CDC_RegisterInterface)
    USBD_CDC_SetRxBuffer                     0x08003849   Thumb Code    12  usbd_cdc.o(i.USBD_CDC_SetRxBuffer)
    USBD_CDC_SetTxBuffer                     0x08003855   Thumb Code    16  usbd_cdc.o(i.USBD_CDC_SetTxBuffer)
    USBD_ClrClassConfig                      0x08003911   Thumb Code    14  usbd_core.o(i.USBD_ClrClassConfig)
    USBD_CtlContinueRx                       0x0800391f   Thumb Code    16  usbd_ioreq.o(i.USBD_CtlContinueRx)
    USBD_CtlContinueSendData                 0x0800392f   Thumb Code    16  usbd_ioreq.o(i.USBD_CtlContinueSendData)
    USBD_CtlError                            0x0800393f   Thumb Code    22  usbd_ctlreq.o(i.USBD_CtlError)
    USBD_CtlPrepareRx                        0x08003955   Thumb Code    30  usbd_ioreq.o(i.USBD_CtlPrepareRx)
    USBD_CtlReceiveStatus                    0x08003973   Thumb Code    22  usbd_ioreq.o(i.USBD_CtlReceiveStatus)
    USBD_CtlSendData                         0x08003989   Thumb Code    26  usbd_ioreq.o(i.USBD_CtlSendData)
    USBD_CtlSendStatus                       0x080039a3   Thumb Code    22  usbd_ioreq.o(i.USBD_CtlSendStatus)
    USBD_FS_ConfigStrDescriptor              0x080039b9   Thumb Code    16  usbd_desc.o(i.USBD_FS_ConfigStrDescriptor)
    USBD_FS_DeviceDescriptor                 0x080039d9   Thumb Code     8  usbd_desc.o(i.USBD_FS_DeviceDescriptor)
    USBD_FS_InterfaceStrDescriptor           0x080039e5   Thumb Code    16  usbd_desc.o(i.USBD_FS_InterfaceStrDescriptor)
    USBD_FS_LangIDStrDescriptor              0x08003a09   Thumb Code     8  usbd_desc.o(i.USBD_FS_LangIDStrDescriptor)
    USBD_FS_ManufacturerStrDescriptor        0x08003a15   Thumb Code    16  usbd_desc.o(i.USBD_FS_ManufacturerStrDescriptor)
    USBD_FS_ProductStrDescriptor             0x08003a3d   Thumb Code    16  usbd_desc.o(i.USBD_FS_ProductStrDescriptor)
    USBD_FS_SerialStrDescriptor              0x08003a69   Thumb Code    48  usbd_desc.o(i.USBD_FS_SerialStrDescriptor)
    USBD_GetString                           0x08003b89   Thumb Code    72  usbd_ctlreq.o(i.USBD_GetString)
    USBD_Init                                0x08003be9   Thumb Code    42  usbd_core.o(i.USBD_Init)
    USBD_LL_ClearStallEP                     0x08003c13   Thumb Code    18  usbd_conf.o(i.USBD_LL_ClearStallEP)
    USBD_LL_CloseEP                          0x08003c25   Thumb Code    18  usbd_conf.o(i.USBD_LL_CloseEP)
    USBD_LL_DataInStage                      0x08003c37   Thumb Code   198  usbd_core.o(i.USBD_LL_DataInStage)
    USBD_LL_DataOutStage                     0x08003cfd   Thumb Code   130  usbd_core.o(i.USBD_LL_DataOutStage)
    USBD_LL_GetRxDataSize                    0x08003d7f   Thumb Code     8  usbd_conf.o(i.USBD_LL_GetRxDataSize)
    USBD_LL_Init                             0x08003d89   Thumb Code   118  usbd_conf.o(i.USBD_LL_Init)
    USBD_LL_IsStallEP                        0x08003e09   Thumb Code    32  usbd_conf.o(i.USBD_LL_IsStallEP)
    USBD_LL_OpenEP                           0x08003e29   Thumb Code    24  usbd_conf.o(i.USBD_LL_OpenEP)
    USBD_LL_PrepareReceive                   0x08003e41   Thumb Code    18  usbd_conf.o(i.USBD_LL_PrepareReceive)
    USBD_LL_Reset                            0x08003e53   Thumb Code    80  usbd_core.o(i.USBD_LL_Reset)
    USBD_LL_Resume                           0x08003ea3   Thumb Code    20  usbd_core.o(i.USBD_LL_Resume)
    USBD_LL_SOF                              0x08003eb7   Thumb Code    24  usbd_core.o(i.USBD_LL_SOF)
    USBD_LL_SetSpeed                         0x08003ecf   Thumb Code     6  usbd_core.o(i.USBD_LL_SetSpeed)
    USBD_LL_SetUSBAddress                    0x08003ed5   Thumb Code    18  usbd_conf.o(i.USBD_LL_SetUSBAddress)
    USBD_LL_SetupStage                       0x08003ee7   Thumb Code    90  usbd_core.o(i.USBD_LL_SetupStage)
    USBD_LL_StallEP                          0x08003f41   Thumb Code    18  usbd_conf.o(i.USBD_LL_StallEP)
    USBD_LL_Start                            0x08003f53   Thumb Code    18  usbd_conf.o(i.USBD_LL_Start)
    USBD_LL_Suspend                          0x08003f65   Thumb Code    18  usbd_core.o(i.USBD_LL_Suspend)
    USBD_LL_Transmit                         0x08003f77   Thumb Code    18  usbd_conf.o(i.USBD_LL_Transmit)
    USBD_ParseSetupRequest                   0x08003f89   Thumb Code    40  usbd_ctlreq.o(i.USBD_ParseSetupRequest)
    USBD_RegisterClass                       0x08003fb1   Thumb Code    16  usbd_core.o(i.USBD_RegisterClass)
    USBD_SetClassConfig                      0x08003fc1   Thumb Code    22  usbd_core.o(i.USBD_SetClassConfig)
    USBD_Start                               0x0800405d   Thumb Code    10  usbd_core.o(i.USBD_Start)
    USBD_StdDevReq                           0x08004067   Thumb Code   274  usbd_ctlreq.o(i.USBD_StdDevReq)
    USBD_StdEPReq                            0x08004179   Thumb Code   336  usbd_ctlreq.o(i.USBD_StdEPReq)
    USBD_StdItfReq                           0x080042c9   Thumb Code    78  usbd_ctlreq.o(i.USBD_StdItfReq)
    USBD_static_free                         0x08004317   Thumb Code     2  usbd_conf.o(i.USBD_static_free)
    USBD_static_malloc                       0x08004319   Thumb Code     4  usbd_conf.o(i.USBD_static_malloc)
    USB_ActivateEndpoint                     0x08004321   Thumb Code   600  stm32f1xx_ll_usb.o(i.USB_ActivateEndpoint)
    USB_CoreInit                             0x08004579   Thumb Code     4  stm32f1xx_ll_usb.o(i.USB_CoreInit)
    USB_DeactivateEndpoint                   0x0800457d   Thumb Code   270  stm32f1xx_ll_usb.o(i.USB_DeactivateEndpoint)
    USB_DevConnect                           0x0800468b   Thumb Code     4  stm32f1xx_ll_usb.o(i.USB_DevConnect)
    USB_DevDisconnect                        0x0800468f   Thumb Code     4  stm32f1xx_ll_usb.o(i.USB_DevDisconnect)
    USB_DevInit                              0x08004693   Thumb Code    18  stm32f1xx_ll_usb.o(i.USB_DevInit)
    USB_DisableGlobalInt                     0x080046a5   Thumb Code    14  stm32f1xx_ll_usb.o(i.USB_DisableGlobalInt)
    USB_EP0_OutStart                         0x080046b3   Thumb Code     4  stm32f1xx_ll_usb.o(i.USB_EP0_OutStart)
    USB_EPClearStall                         0x080046b7   Thumb Code   120  stm32f1xx_ll_usb.o(i.USB_EPClearStall)
    USB_EPSetStall                           0x0800472f   Thumb Code    50  stm32f1xx_ll_usb.o(i.USB_EPSetStall)
    USB_EPStartXfer                          0x08004761   Thumb Code  1548  stm32f1xx_ll_usb.o(i.USB_EPStartXfer)
    USB_EnableGlobalInt                      0x08004d6d   Thumb Code    18  stm32f1xx_ll_usb.o(i.USB_EnableGlobalInt)
    USB_LP_CAN1_RX0_IRQHandler               0x08004d81   Thumb Code     6  stm32f1xx_it.o(i.USB_LP_CAN1_RX0_IRQHandler)
    USB_ReadInterrupts                       0x08004d8d   Thumb Code     6  stm32f1xx_ll_usb.o(i.USB_ReadInterrupts)
    USB_ReadPMA                              0x08004d95   Thumb Code    44  stm32f1xx_ll_usb.o(i.USB_ReadPMA)
    USB_SetCurrentMode                       0x08004dc1   Thumb Code     4  stm32f1xx_ll_usb.o(i.USB_SetCurrentMode)
    USB_SetDevAddress                        0x08004dc5   Thumb Code    12  stm32f1xx_ll_usb.o(i.USB_SetDevAddress)
    USB_WritePMA                             0x08004dd1   Thumb Code    38  stm32f1xx_ll_usb.o(i.USB_WritePMA)
    UsageFault_Handler                       0x08004df7   Thumb Code     2  stm32f1xx_it.o(i.UsageFault_Handler)
    __armlib_thread_safety_init              0x08004e19   Thumb Code    38  armlib_lock_glue.o(i.__armlib_thread_safety_init)
    _mutex_acquire                           0x08004e45   Thumb Code    52  armlib_lock_glue.o(i._mutex_acquire)
    _mutex_free                              0x08004e7d   Thumb Code    50  armlib_lock_glue.o(i._mutex_free)
    _mutex_initialize                        0x08004eb5   Thumb Code    94  armlib_lock_glue.o(i._mutex_initialize)
    _mutex_release                           0x08004f19   Thumb Code    52  armlib_lock_glue.o(i._mutex_release)
    app_main                                 0x08004f51   Thumb Code     2  app_main.o(i.app_main)
    main                                     0x08004f55   Thumb Code   100  main.o(i.main)
    osDelay                                  0x08004fcd   Thumb Code    14  cmsis_os.o(i.osDelay)
    osKernelStart                            0x08004fdb   Thumb Code    10  cmsis_os.o(i.osKernelStart)
    osThreadCreate                           0x08004fe5   Thumb Code    84  cmsis_os.o(i.osThreadCreate)
    pvPortMalloc                             0x0800537d   Thumb Code   210  heap_4.o(i.pvPortMalloc)
    pxPortInitialiseStack                    0x08005455   Thumb Code    32  port.o(i.pxPortInitialiseStack)
    user_app_warper                          0x080054d9   Thumb Code    16  main.o(i.user_app_warper)
    uxListRemove                             0x080054e9   Thumb Code    38  list.o(i.uxListRemove)
    vApplicationGetIdleTaskMemory            0x08005511   Thumb Code    16  freertos.o(i.vApplicationGetIdleTaskMemory)
    vListInitialise                          0x08005525   Thumb Code    22  list.o(i.vListInitialise)
    vListInitialiseItem                      0x0800553b   Thumb Code     6  list.o(i.vListInitialiseItem)
    vListInsert                              0x08005541   Thumb Code    48  list.o(i.vListInsert)
    vListInsertEnd                           0x08005571   Thumb Code    24  list.o(i.vListInsertEnd)
    vPortEnterCritical                       0x08005589   Thumb Code    54  port.o(i.vPortEnterCritical)
    vPortExitCritical                        0x080055c9   Thumb Code    34  port.o(i.vPortExitCritical)
    vPortFree                                0x080055f1   Thumb Code    88  heap_4.o(i.vPortFree)
    vPortSetupTimerInterrupt                 0x0800564d   Thumb Code    32  port.o(i.vPortSetupTimerInterrupt)
    vTaskDelay                               0x08005671   Thumb Code    66  tasks.o(i.vTaskDelay)
    vTaskDelete                              0x080056bd   Thumb Code   156  tasks.o(i.vTaskDelete)
    vTaskStartScheduler                      0x08005769   Thumb Code    90  tasks.o(i.vTaskStartScheduler)
    vTaskSuspendAll                          0x080057d5   Thumb Code    10  tasks.o(i.vTaskSuspendAll)
    vTaskSwitchContext                       0x080057e5   Thumb Code    82  tasks.o(i.vTaskSwitchContext)
    xPortStartScheduler                      0x08005841   Thumb Code   154  port.o(i.xPortStartScheduler)
    xTaskCreate                              0x080058e9   Thumb Code    90  tasks.o(i.xTaskCreate)
    xTaskCreateStatic                        0x08005943   Thumb Code    86  tasks.o(i.xTaskCreateStatic)
    xTaskIncrementTick                       0x08005999   Thumb Code   192  tasks.o(i.xTaskIncrementTick)
    xTaskResumeAll                           0x08005a61   Thumb Code   182  tasks.o(i.xTaskResumeAll)
    AHBPrescTable                            0x08005b40   Data          16  system_stm32f1xx.o(.constdata)
    APBPrescTable                            0x08005b50   Data           8  system_stm32f1xx.o(.constdata)
    Region$$Table$$Base                      0x08005b64   Number         0  anon$$obj.o(Region$$Table)
    Region$$Table$$Limit                     0x08005b84   Number         0  anon$$obj.o(Region$$Table)
    SHT$$INIT_ARRAY$$Base                    0x08005b84   Number         0  armlib_lock_glue.o(.init_array)
    SHT$$INIT_ARRAY$$Limit                   0x08005b88   Number         0  init_aeabi.o(.init_array)
    defaultTaskHandle                        0x20000000   Data           4  freertos.o(.data)
    uwTickFreq                               0x20000004   Data           1  stm32f1xx_hal.o(.data)
    uwTickPrio                               0x20000008   Data           4  stm32f1xx_hal.o(.data)
    uwTick                                   0x2000000c   Data           4  stm32f1xx_hal.o(.data)
    SystemCoreClock                          0x20000010   Data           4  system_stm32f1xx.o(.data)
    pxCurrentTCB                             0x20000014   Data           4  tasks.o(.data)
    FS_Desc                                  0x20000074   Data          28  usbd_desc.o(.data)
    USBD_LangIDDesc                          0x20000090   Data           4  usbd_desc.o(.data)
    USBD_FS_DeviceDesc                       0x20000094   Data          18  usbd_desc.o(.data)
    USBD_StringSerial                        0x200000a8   Data          26  usbd_desc.o(.data)
    USBD_Interface_fops_FS                   0x200000c4   Data          16  usbd_cdc_if.o(.data)
    USBD_CDC_CfgHSDesc                       0x200000e4   Data          67  usbd_cdc.o(.data)
    USBD_CDC_CfgFSDesc                       0x20000128   Data          67  usbd_cdc.o(.data)
    USBD_CDC_OtherSpeedCfgDesc               0x2000016c   Data          67  usbd_cdc.o(.data)
    USBD_CDC                                 0x200001b0   Data          56  usbd_cdc.o(.data)
    encoder_count                            0x200001e8   Data           8  speed_calculate.o(.data)
    hadc3                                    0x200004d0   Data          48  adc.o(.bss)
    hi2c2                                    0x20000500   Data          84  i2c.o(.bss)
    hspi1                                    0x20000554   Data          88  spi.o(.bss)
    hspi2                                    0x200005ac   Data          88  spi.o(.bss)
    htim1                                    0x20000604   Data          72  tim.o(.bss)
    htim2                                    0x2000064c   Data          72  tim.o(.bss)
    htim3                                    0x20000694   Data          72  tim.o(.bss)
    htim4                                    0x200006dc   Data          72  tim.o(.bss)
    htim5                                    0x20000724   Data          72  tim.o(.bss)
    htim6                                    0x2000076c   Data          72  tim.o(.bss)
    htim8                                    0x200007b4   Data          72  tim.o(.bss)
    huart5                                   0x200007fc   Data          68  usart.o(.bss)
    huart1                                   0x20000840   Data          68  usart.o(.bss)
    huart3                                   0x20000884   Data          68  usart.o(.bss)
    htim7                                    0x200008c8   Data          72  stm32f1xx_hal_timebase_tim.o(.bss)
    hUsbDeviceFS                             0x20005ab4   Data         708  usb_device.o(.bss)
    USBD_StrDesc                             0x20005d78   Data         512  usbd_desc.o(.bss)
    UserRxBufferFS                           0x20005f78   Data         512  usbd_cdc_if.o(.bss)
    UserTxBufferFS                           0x20006178   Data         512  usbd_cdc_if.o(.bss)
    hpcd_USB_FS                              0x20006598   Data         748  usbd_conf.o(.bss)
    __libspace_start                         0x20006884   Data          96  libspace.o(.bss)
    __temporary_stack_top$libspace           0x200068e4   Data           0  libspace.o(.bss)



==============================================================================

Memory Map of the image

  Image Entry point : 0x08000131

  Load Region LR_IROM1 (Base: 0x08000000, Size: 0x00005d78, Max: 0x00040000, ABSOLUTE, COMPRESSED[0x00005c4c])

    Execution Region ER_IROM1 (Exec base: 0x08000000, Load base: 0x08000000, Size: 0x00005b88, Max: 0x00040000, ABSOLUTE)

    Exec Addr    Load Addr    Size         Type   Attr      Idx    E Section Name        Object

    0x08000000   0x08000000   0x00000130   Data   RO            3    RESET               startup_stm32f103xe.o
    0x08000130   0x08000130   0x00000008   Code   RO         7111  * !!!main             c_w.l(__main.o)
    0x08000138   0x08000138   0x00000034   Code   RO         7317    !!!scatter          c_w.l(__scatter.o)
    0x0800016c   0x0800016c   0x0000005a   Code   RO         7315    !!dczerorl2         c_w.l(__dczerorl2.o)
    0x080001c6   0x080001c6   0x00000002   PAD
    0x080001c8   0x080001c8   0x0000001c   Code   RO         7319    !!handler_zi        c_w.l(__scatter_zi.o)
    0x080001e4   0x080001e4   0x00000002   Code   RO         7234    .ARM.Collect$$libinit$$00000000  c_w.l(libinit.o)
    0x080001e6   0x080001e6   0x00000000   Code   RO         7147    .ARM.Collect$$libinit$$00000002  c_w.l(libinit2.o)
    0x080001e6   0x080001e6   0x00000000   Code   RO         7149    .ARM.Collect$$libinit$$00000004  c_w.l(libinit2.o)
    0x080001e6   0x080001e6   0x00000000   Code   RO         7152    .ARM.Collect$$libinit$$0000000A  c_w.l(libinit2.o)
    0x080001e6   0x080001e6   0x00000000   Code   RO         7154    .ARM.Collect$$libinit$$0000000C  c_w.l(libinit2.o)
    0x080001e6   0x080001e6   0x00000000   Code   RO         7156    .ARM.Collect$$libinit$$0000000E  c_w.l(libinit2.o)
    0x080001e6   0x080001e6   0x00000000   Code   RO         7159    .ARM.Collect$$libinit$$00000011  c_w.l(libinit2.o)
    0x080001e6   0x080001e6   0x00000000   Code   RO         7161    .ARM.Collect$$libinit$$00000013  c_w.l(libinit2.o)
    0x080001e6   0x080001e6   0x00000000   Code   RO         7163    .ARM.Collect$$libinit$$00000015  c_w.l(libinit2.o)
    0x080001e6   0x080001e6   0x00000000   Code   RO         7165    .ARM.Collect$$libinit$$00000017  c_w.l(libinit2.o)
    0x080001e6   0x080001e6   0x00000000   Code   RO         7167    .ARM.Collect$$libinit$$00000019  c_w.l(libinit2.o)
    0x080001e6   0x080001e6   0x00000000   Code   RO         7169    .ARM.Collect$$libinit$$0000001B  c_w.l(libinit2.o)
    0x080001e6   0x080001e6   0x00000000   Code   RO         7171    .ARM.Collect$$libinit$$0000001D  c_w.l(libinit2.o)
    0x080001e6   0x080001e6   0x00000000   Code   RO         7173    .ARM.Collect$$libinit$$0000001F  c_w.l(libinit2.o)
    0x080001e6   0x080001e6   0x00000000   Code   RO         7175    .ARM.Collect$$libinit$$00000021  c_w.l(libinit2.o)
    0x080001e6   0x080001e6   0x00000000   Code   RO         7177    .ARM.Collect$$libinit$$00000023  c_w.l(libinit2.o)
    0x080001e6   0x080001e6   0x00000000   Code   RO         7179    .ARM.Collect$$libinit$$00000025  c_w.l(libinit2.o)
    0x080001e6   0x080001e6   0x00000000   Code   RO         7183    .ARM.Collect$$libinit$$0000002C  c_w.l(libinit2.o)
    0x080001e6   0x080001e6   0x00000000   Code   RO         7185    .ARM.Collect$$libinit$$0000002E  c_w.l(libinit2.o)
    0x080001e6   0x080001e6   0x00000000   Code   RO         7187    .ARM.Collect$$libinit$$00000030  c_w.l(libinit2.o)
    0x080001e6   0x080001e6   0x00000004   Code   RO         7188    .ARM.Collect$$libinit$$00000031  c_w.l(libinit2.o)
    0x080001ea   0x080001ea   0x00000000   Code   RO         7189    .ARM.Collect$$libinit$$00000032  c_w.l(libinit2.o)
    0x080001ea   0x080001ea   0x00000002   Code   RO         7190    .ARM.Collect$$libinit$$00000033  c_w.l(libinit2.o)
    0x080001ec   0x080001ec   0x00000002   Code   RO         7274    .ARM.Collect$$libshutdown$$00000000  c_w.l(libshutdown.o)
    0x080001ee   0x080001ee   0x00000000   Code   RO         7280    .ARM.Collect$$libshutdown$$00000002  c_w.l(libshutdown2.o)
    0x080001ee   0x080001ee   0x00000000   Code   RO         7282    .ARM.Collect$$libshutdown$$00000004  c_w.l(libshutdown2.o)
    0x080001ee   0x080001ee   0x00000000   Code   RO         7284    .ARM.Collect$$libshutdown$$00000006  c_w.l(libshutdown2.o)
    0x080001ee   0x080001ee   0x00000000   Code   RO         7287    .ARM.Collect$$libshutdown$$00000009  c_w.l(libshutdown2.o)
    0x080001ee   0x080001ee   0x00000000   Code   RO         7290    .ARM.Collect$$libshutdown$$0000000C  c_w.l(libshutdown2.o)
    0x080001ee   0x080001ee   0x00000000   Code   RO         7292    .ARM.Collect$$libshutdown$$0000000E  c_w.l(libshutdown2.o)
    0x080001ee   0x080001ee   0x00000000   Code   RO         7295    .ARM.Collect$$libshutdown$$00000011  c_w.l(libshutdown2.o)
    0x080001ee   0x080001ee   0x00000002   Code   RO         7296    .ARM.Collect$$libshutdown$$00000012  c_w.l(libshutdown2.o)
    0x080001f0   0x080001f0   0x00000000   Code   RO         7143    .ARM.Collect$$rtentry$$00000000  c_w.l(__rtentry.o)
    0x080001f0   0x080001f0   0x00000000   Code   RO         7201    .ARM.Collect$$rtentry$$00000002  c_w.l(__rtentry2.o)
    0x080001f0   0x080001f0   0x00000006   Code   RO         7213    .ARM.Collect$$rtentry$$00000004  c_w.l(__rtentry4.o)
    0x080001f6   0x080001f6   0x00000000   Code   RO         7203    .ARM.Collect$$rtentry$$00000009  c_w.l(__rtentry2.o)
    0x080001f6   0x080001f6   0x00000004   Code   RO         7204    .ARM.Collect$$rtentry$$0000000A  c_w.l(__rtentry2.o)
    0x080001fa   0x080001fa   0x00000000   Code   RO         7206    .ARM.Collect$$rtentry$$0000000C  c_w.l(__rtentry2.o)
    0x080001fa   0x080001fa   0x00000008   Code   RO         7207    .ARM.Collect$$rtentry$$0000000D  c_w.l(__rtentry2.o)
    0x08000202   0x08000202   0x00000002   Code   RO         7242    .ARM.Collect$$rtexit$$00000000  c_w.l(rtexit.o)
    0x08000204   0x08000204   0x00000000   Code   RO         7254    .ARM.Collect$$rtexit$$00000002  c_w.l(rtexit2.o)
    0x08000204   0x08000204   0x00000004   Code   RO         7255    .ARM.Collect$$rtexit$$00000003  c_w.l(rtexit2.o)
    0x08000208   0x08000208   0x00000006   Code   RO         7256    .ARM.Collect$$rtexit$$00000004  c_w.l(rtexit2.o)
    0x0800020e   0x0800020e   0x00000002   PAD
    0x08000210   0x08000210   0x00000096   Code   RO         5907    .emb_text           port.o
    0x080002a6   0x080002a6   0x00000002   PAD
    0x080002a8   0x080002a8   0x00000040   Code   RO            4    .text               startup_stm32f103xe.o
    0x080002e8   0x080002e8   0x00000064   Code   RO         7103    .text               c_w.l(rt_memcpy_w.o)
    0x0800034c   0x0800034c   0x0000004e   Code   RO         7107    .text               c_w.l(rt_memclr_w.o)
    0x0800039a   0x0800039a   0x00000006   Code   RO         7109    .text               c_w.l(heapauxi.o)
    0x080003a0   0x080003a0   0x00000024   Code   RO         7116    .text               c_w.l(init_aeabi.o)
    0x080003c4   0x080003c4   0x0000004a   Code   RO         7221    .text               c_w.l(sys_stackheap_outer.o)
    0x0800040e   0x0800040e   0x00000012   Code   RO         7223    .text               c_w.l(exit.o)
    0x08000420   0x08000420   0x00000008   Code   RO         7239    .text               c_w.l(libspace.o)
    0x08000428   0x08000428   0x00000002   Code   RO         7250    .text               c_w.l(use_no_semi.o)
    0x0800042a   0x0800042a   0x00000000   Code   RO         7252    .text               c_w.l(indicate_semi.o)
    0x0800042a   0x0800042a   0x00000002   PAD
    0x0800042c   0x0800042c   0x0000000c   Code   RO         7266    .text               c_w.l(sys_exit.o)
    0x08000438   0x08000438   0x00000056   Code   RO         2319    i.ADC_ConversionStop_Disable  stm32f1xx_hal_adc.o
    0x0800048e   0x0800048e   0x00000002   Code   RO          692    i.BusFault_Handler  stm32f1xx_it.o
    0x08000490   0x08000490   0x00000004   Code   RO         6121    i.CDC_Control_FS    usbd_cdc_if.o
    0x08000494   0x08000494   0x00000004   Code   RO         6122    i.CDC_DeInit_FS     usbd_cdc_if.o
    0x08000498   0x08000498   0x00000024   Code   RO         6123    i.CDC_Init_FS       usbd_cdc_if.o
    0x080004bc   0x080004bc   0x00000018   Code   RO         6124    i.CDC_Receive_FS    usbd_cdc_if.o
    0x080004d4   0x080004d4   0x00000002   Code   RO          693    i.DebugMon_Handler  stm32f1xx_it.o
    0x080004d6   0x080004d6   0x00000004   Code   RO          124    i.Error_Handler     main.o
    0x080004da   0x080004da   0x00000002   PAD
    0x080004dc   0x080004dc   0x000000fc   Code   RO         2325    i.HAL_ADC_ConfigChannel  stm32f1xx_hal_adc.o
    0x080005d8   0x080005d8   0x00000120   Code   RO         2334    i.HAL_ADC_Init      stm32f1xx_hal_adc.o
    0x080006f8   0x080006f8   0x00000058   Code   RO          411    i.HAL_ADC_MspInit   adc.o
    0x08000750   0x08000750   0x000001f8   Code   RO         1659    i.HAL_GPIO_Init     stm32f1xx_hal_gpio.o
    0x08000948   0x08000948   0x0000000c   Code   RO         1355    i.HAL_GetTick       stm32f1xx_hal.o
    0x08000954   0x08000954   0x00000188   Code   RO         2606    i.HAL_I2C_Init      stm32f1xx_hal_i2c.o
    0x08000adc   0x08000adc   0x00000060   Code   RO          453    i.HAL_I2C_MspInit   i2c.o
    0x08000b3c   0x08000b3c   0x00000010   Code   RO         1361    i.HAL_IncTick       stm32f1xx_hal.o
    0x08000b4c   0x08000b4c   0x00000024   Code   RO         1362    i.HAL_Init          stm32f1xx_hal.o
    0x08000b70   0x08000b70   0x00000098   Code   RO          816    i.HAL_InitTick      stm32f1xx_hal_timebase_tim.o
    0x08000c08   0x08000c08   0x00000048   Code   RO          792    i.HAL_MspInit       stm32f1xx_hal_msp.o
    0x08000c50   0x08000c50   0x0000001a   Code   RO         1819    i.HAL_NVIC_EnableIRQ  stm32f1xx_hal_cortex.o
    0x08000c6a   0x08000c6a   0x00000002   PAD
    0x08000c6c   0x08000c6c   0x00000040   Code   RO         1825    i.HAL_NVIC_SetPriority  stm32f1xx_hal_cortex.o
    0x08000cac   0x08000cac   0x00000024   Code   RO         1826    i.HAL_NVIC_SetPriorityGrouping  stm32f1xx_hal_cortex.o
    0x08000cd0   0x08000cd0   0x0000003c   Code   RO         1124    i.HAL_PCDEx_PMAConfig  stm32f1xx_hal_pcd_ex.o
    0x08000d0c   0x08000d0c   0x00000002   Code   RO         6173    i.HAL_PCDEx_SetConnectionState  usbd_conf.o
    0x08000d0e   0x08000d0e   0x00000012   Code   RO         6175    i.HAL_PCD_DataInStageCallback  usbd_conf.o
    0x08000d20   0x08000d20   0x00000014   Code   RO         6176    i.HAL_PCD_DataOutStageCallback  usbd_conf.o
    0x08000d34   0x08000d34   0x0000004c   Code   RO          900    i.HAL_PCD_EP_Close  stm32f1xx_hal_pcd.o
    0x08000d80   0x08000d80   0x0000005c   Code   RO          901    i.HAL_PCD_EP_ClrStall  stm32f1xx_hal_pcd.o
    0x08000ddc   0x08000ddc   0x000000e6   Code   RO          902    i.HAL_PCD_EP_DB_Receive  stm32f1xx_hal_pcd.o
    0x08000ec2   0x08000ec2   0x00000330   Code   RO          903    i.HAL_PCD_EP_DB_Transmit  stm32f1xx_hal_pcd.o
    0x080011f2   0x080011f2   0x00000012   Code   RO          905    i.HAL_PCD_EP_GetRxCount  stm32f1xx_hal_pcd.o
    0x08001204   0x08001204   0x00000060   Code   RO          906    i.HAL_PCD_EP_Open   stm32f1xx_hal_pcd.o
    0x08001264   0x08001264   0x00000032   Code   RO          907    i.HAL_PCD_EP_Receive  stm32f1xx_hal_pcd.o
    0x08001296   0x08001296   0x00000072   Code   RO          908    i.HAL_PCD_EP_SetStall  stm32f1xx_hal_pcd.o
    0x08001308   0x08001308   0x00000034   Code   RO          909    i.HAL_PCD_EP_Transmit  stm32f1xx_hal_pcd.o
    0x0800133c   0x0800133c   0x00000154   Code   RO          911    i.HAL_PCD_IRQHandler  stm32f1xx_hal_pcd.o
    0x08001490   0x08001490   0x000000da   Code   RO          914    i.HAL_PCD_Init      stm32f1xx_hal_pcd.o
    0x0800156a   0x0800156a   0x00000002   PAD
    0x0800156c   0x0800156c   0x0000003c   Code   RO         6181    i.HAL_PCD_MspInit   usbd_conf.o
    0x080015a8   0x080015a8   0x00000026   Code   RO         6182    i.HAL_PCD_ResetCallback  usbd_conf.o
    0x080015ce   0x080015ce   0x00000008   Code   RO         6183    i.HAL_PCD_ResumeCallback  usbd_conf.o
    0x080015d6   0x080015d6   0x00000008   Code   RO         6184    i.HAL_PCD_SOFCallback  usbd_conf.o
    0x080015de   0x080015de   0x00000028   Code   RO          920    i.HAL_PCD_SetAddress  stm32f1xx_hal_pcd.o
    0x08001606   0x08001606   0x0000000e   Code   RO         6185    i.HAL_PCD_SetupStageCallback  usbd_conf.o
    0x08001614   0x08001614   0x00000032   Code   RO          922    i.HAL_PCD_Start     stm32f1xx_hal_pcd.o
    0x08001646   0x08001646   0x00000002   PAD
    0x08001648   0x08001648   0x00000024   Code   RO         6186    i.HAL_PCD_SuspendCallback  usbd_conf.o
    0x0800166c   0x0800166c   0x000000ec   Code   RO         1622    i.HAL_RCCEx_PeriphCLKConfig  stm32f1xx_hal_rcc_ex.o
    0x08001758   0x08001758   0x0000012c   Code   RO         1519    i.HAL_RCC_ClockConfig  stm32f1xx_hal_rcc.o
    0x08001884   0x08001884   0x00000040   Code   RO         1523    i.HAL_RCC_GetClockConfig  stm32f1xx_hal_rcc.o
    0x080018c4   0x080018c4   0x00000020   Code   RO         1526    i.HAL_RCC_GetPCLK1Freq  stm32f1xx_hal_rcc.o
    0x080018e4   0x080018e4   0x00000020   Code   RO         1527    i.HAL_RCC_GetPCLK2Freq  stm32f1xx_hal_rcc.o
    0x08001904   0x08001904   0x00000074   Code   RO         1528    i.HAL_RCC_GetSysClockFreq  stm32f1xx_hal_rcc.o
    0x08001978   0x08001978   0x00000320   Code   RO         1531    i.HAL_RCC_OscConfig  stm32f1xx_hal_rcc.o
    0x08001c98   0x08001c98   0x000000b2   Code   RO         3038    i.HAL_SPI_Init      stm32f1xx_hal_spi.o
    0x08001d4a   0x08001d4a   0x00000002   PAD
    0x08001d4c   0x08001d4c   0x000000ac   Code   RO          495    i.HAL_SPI_MspInit   spi.o
    0x08001df8   0x08001df8   0x00000002   Code   RO         4055    i.HAL_TIMEx_BreakCallback  stm32f1xx_hal_tim_ex.o
    0x08001dfa   0x08001dfa   0x00000002   Code   RO         4056    i.HAL_TIMEx_CommutCallback  stm32f1xx_hal_tim_ex.o
    0x08001dfc   0x08001dfc   0x00000054   Code   RO         4058    i.HAL_TIMEx_ConfigBreakDeadTime  stm32f1xx_hal_tim_ex.o
    0x08001e50   0x08001e50   0x0000007c   Code   RO         4074    i.HAL_TIMEx_MasterConfigSynchronization  stm32f1xx_hal_tim_ex.o
    0x08001ecc   0x08001ecc   0x0000005a   Code   RO         3351    i.HAL_TIM_Base_Init  stm32f1xx_hal_tim.o
    0x08001f26   0x08001f26   0x00000002   PAD
    0x08001f28   0x08001f28   0x00000070   Code   RO          543    i.HAL_TIM_Base_MspInit  tim.o
    0x08001f98   0x08001f98   0x0000006c   Code   RO         3356    i.HAL_TIM_Base_Start_IT  stm32f1xx_hal_tim.o
    0x08002004   0x08002004   0x000000d6   Code   RO         3360    i.HAL_TIM_ConfigClockSource  stm32f1xx_hal_tim.o
    0x080020da   0x080020da   0x000000a4   Code   RO         3372    i.HAL_TIM_Encoder_Init  stm32f1xx_hal_tim.o
    0x0800217e   0x0800217e   0x00000002   PAD
    0x08002180   0x08002180   0x00000180   Code   RO          545    i.HAL_TIM_Encoder_MspInit  tim.o
    0x08002300   0x08002300   0x00000058   Code   RO         6769    i.HAL_TIM_IC_CaptureCallback  isr.o
    0x08002358   0x08002358   0x00000166   Code   RO         3399    i.HAL_TIM_IRQHandler  stm32f1xx_hal_tim.o
    0x080024be   0x080024be   0x00000002   PAD
    0x080024c0   0x080024c0   0x00000068   Code   RO          546    i.HAL_TIM_MspPostInit  tim.o
    0x08002528   0x08002528   0x0000004c   Code   RO         3400    i.HAL_TIM_OC_ConfigChannel  stm32f1xx_hal_tim.o
    0x08002574   0x08002574   0x00000002   Code   RO         3402    i.HAL_TIM_OC_DelayElapsedCallback  stm32f1xx_hal_tim.o
    0x08002576   0x08002576   0x0000005a   Code   RO         3404    i.HAL_TIM_OC_Init   stm32f1xx_hal_tim.o
    0x080025d0   0x080025d0   0x00000002   Code   RO         3406    i.HAL_TIM_OC_MspInit  stm32f1xx_hal_tim.o
    0x080025d2   0x080025d2   0x000000c6   Code   RO         3423    i.HAL_TIM_PWM_ConfigChannel  stm32f1xx_hal_tim.o
    0x08002698   0x08002698   0x0000005a   Code   RO         3426    i.HAL_TIM_PWM_Init  stm32f1xx_hal_tim.o
    0x080026f2   0x080026f2   0x00000002   Code   RO         3428    i.HAL_TIM_PWM_MspInit  stm32f1xx_hal_tim.o
    0x080026f4   0x080026f4   0x00000002   Code   RO         3429    i.HAL_TIM_PWM_PulseFinishedCallback  stm32f1xx_hal_tim.o
    0x080026f6   0x080026f6   0x00000002   PAD
    0x080026f8   0x080026f8   0x00000014   Code   RO          125    i.HAL_TIM_PeriodElapsedCallback  main.o
    0x0800270c   0x0800270c   0x00000002   Code   RO         3442    i.HAL_TIM_TriggerCallback  stm32f1xx_hal_tim.o
    0x0800270e   0x0800270e   0x00000062   Code   RO         4351    i.HAL_UART_Init     stm32f1xx_hal_uart.o
    0x08002770   0x08002770   0x00000130   Code   RO          639    i.HAL_UART_MspInit  usart.o
    0x080028a0   0x080028a0   0x00000002   Code   RO          694    i.HardFault_Handler  stm32f1xx_it.o
    0x080028a2   0x080028a2   0x00000002   PAD
    0x080028a4   0x080028a4   0x00000038   Code   RO         6035    i.IntToUnicode      usbd_desc.o
    0x080028dc   0x080028dc   0x00000050   Code   RO          412    i.MX_ADC3_Init      adc.o
    0x0800292c   0x0800292c   0x00000028   Code   RO          364    i.MX_FREERTOS_Init  freertos.o
    0x08002954   0x08002954   0x00000090   Code   RO          340    i.MX_GPIO_Init      gpio.o
    0x080029e4   0x080029e4   0x00000040   Code   RO          454    i.MX_I2C2_Init      i2c.o
    0x08002a24   0x08002a24   0x00000048   Code   RO          496    i.MX_SPI1_Init      spi.o
    0x08002a6c   0x08002a6c   0x00000044   Code   RO          497    i.MX_SPI2_Init      spi.o
    0x08002ab0   0x08002ab0   0x000000c4   Code   RO          547    i.MX_TIM1_Init      tim.o
    0x08002b74   0x08002b74   0x00000068   Code   RO          548    i.MX_TIM2_Init      tim.o
    0x08002bdc   0x08002bdc   0x00000068   Code   RO          549    i.MX_TIM3_Init      tim.o
    0x08002c44   0x08002c44   0x00000068   Code   RO          550    i.MX_TIM4_Init      tim.o
    0x08002cac   0x08002cac   0x000000c8   Code   RO          551    i.MX_TIM5_Init      tim.o
    0x08002d74   0x08002d74   0x00000048   Code   RO          552    i.MX_TIM6_Init      tim.o
    0x08002dbc   0x08002dbc   0x0000006c   Code   RO          553    i.MX_TIM8_Init      tim.o
    0x08002e28   0x08002e28   0x00000038   Code   RO          640    i.MX_UART5_Init     usart.o
    0x08002e60   0x08002e60   0x00000038   Code   RO          641    i.MX_USART1_UART_Init  usart.o
    0x08002e98   0x08002e98   0x00000038   Code   RO          642    i.MX_USART3_UART_Init  usart.o
    0x08002ed0   0x08002ed0   0x00000054   Code   RO         5987    i.MX_USB_DEVICE_Init  usb_device.o
    0x08002f24   0x08002f24   0x00000002   Code   RO          695    i.MemManage_Handler  stm32f1xx_it.o
    0x08002f26   0x08002f26   0x00000002   Code   RO          696    i.NMI_Handler       stm32f1xx_it.o
    0x08002f28   0x08002f28   0x00000314   Code   RO          926    i.PCD_EP_ISR_Handler  stm32f1xx_hal_pcd.o
    0x0800323c   0x0800323c   0x0000000c   Code   RO          365    i.StartDefaultTask  freertos.o
    0x08003248   0x08003248   0x0000002c   Code   RO         5908    i.SysTick_Handler   port.o
    0x08003274   0x08003274   0x0000007e   Code   RO          126    i.SystemClock_Config  main.o
    0x080032f2   0x080032f2   0x00000002   Code   RO         4680    i.SystemInit        system_stm32f1xx.o
    0x080032f4   0x080032f4   0x0000000c   Code   RO          697    i.TIM2_IRQHandler   stm32f1xx_it.o
    0x08003300   0x08003300   0x0000000c   Code   RO          698    i.TIM3_IRQHandler   stm32f1xx_it.o
    0x0800330c   0x0800330c   0x0000000c   Code   RO          699    i.TIM4_IRQHandler   stm32f1xx_it.o
    0x08003318   0x08003318   0x0000000c   Code   RO          700    i.TIM6_IRQHandler   stm32f1xx_it.o
    0x08003324   0x08003324   0x0000000c   Code   RO          701    i.TIM7_IRQHandler   stm32f1xx_it.o
    0x08003330   0x08003330   0x0000000c   Code   RO          702    i.TIM8_UP_IRQHandler  stm32f1xx_it.o
    0x0800333c   0x0800333c   0x0000008c   Code   RO         3444    i.TIM_Base_SetConfig  stm32f1xx_hal_tim.o
    0x080033c8   0x080033c8   0x00000014   Code   RO         3455    i.TIM_ETR_SetConfig  stm32f1xx_hal_tim.o
    0x080033dc   0x080033dc   0x00000010   Code   RO         3456    i.TIM_ITRx_SetConfig  stm32f1xx_hal_tim.o
    0x080033ec   0x080033ec   0x00000060   Code   RO         3457    i.TIM_OC1_SetConfig  stm32f1xx_hal_tim.o
    0x0800344c   0x0800344c   0x0000006c   Code   RO         3458    i.TIM_OC2_SetConfig  stm32f1xx_hal_tim.o
    0x080034b8   0x080034b8   0x00000068   Code   RO         3459    i.TIM_OC3_SetConfig  stm32f1xx_hal_tim.o
    0x08003520   0x08003520   0x00000050   Code   RO         3460    i.TIM_OC4_SetConfig  stm32f1xx_hal_tim.o
    0x08003570   0x08003570   0x00000022   Code   RO         3462    i.TIM_TI1_ConfigInputStage  stm32f1xx_hal_tim.o
    0x08003592   0x08003592   0x00000024   Code   RO         3464    i.TIM_TI2_ConfigInputStage  stm32f1xx_hal_tim.o
    0x080035b6   0x080035b6   0x00000002   PAD
    0x080035b8   0x080035b8   0x000000b8   Code   RO         4377    i.UART_SetConfig    stm32f1xx_hal_uart.o
    0x08003670   0x08003670   0x00000046   Code   RO         6648    i.USBD_CDC_DataIn   usbd_cdc.o
    0x080036b6   0x080036b6   0x0000002e   Code   RO         6649    i.USBD_CDC_DataOut  usbd_cdc.o
    0x080036e4   0x080036e4   0x00000044   Code   RO         6650    i.USBD_CDC_DeInit   usbd_cdc.o
    0x08003728   0x08003728   0x00000024   Code   RO         6651    i.USBD_CDC_EP0_RxReady  usbd_cdc.o
    0x0800374c   0x0800374c   0x0000000c   Code   RO         6652    i.USBD_CDC_GetDeviceQualifierDescriptor  usbd_cdc.o
    0x08003758   0x08003758   0x0000000c   Code   RO         6653    i.USBD_CDC_GetFSCfgDesc  usbd_cdc.o
    0x08003764   0x08003764   0x0000000c   Code   RO         6654    i.USBD_CDC_GetHSCfgDesc  usbd_cdc.o
    0x08003770   0x08003770   0x0000000c   Code   RO         6655    i.USBD_CDC_GetOtherSpeedCfgDesc  usbd_cdc.o
    0x0800377c   0x0800377c   0x00000094   Code   RO         6656    i.USBD_CDC_Init     usbd_cdc.o
    0x08003810   0x08003810   0x00000028   Code   RO         6657    i.USBD_CDC_ReceivePacket  usbd_cdc.o
    0x08003838   0x08003838   0x00000010   Code   RO         6658    i.USBD_CDC_RegisterInterface  usbd_cdc.o
    0x08003848   0x08003848   0x0000000c   Code   RO         6659    i.USBD_CDC_SetRxBuffer  usbd_cdc.o
    0x08003854   0x08003854   0x00000010   Code   RO         6660    i.USBD_CDC_SetTxBuffer  usbd_cdc.o
    0x08003864   0x08003864   0x000000ac   Code   RO         6661    i.USBD_CDC_Setup    usbd_cdc.o
    0x08003910   0x08003910   0x0000000e   Code   RO         6385    i.USBD_ClrClassConfig  usbd_core.o
    0x0800391e   0x0800391e   0x00000010   Code   RO         6588    i.USBD_CtlContinueRx  usbd_ioreq.o
    0x0800392e   0x0800392e   0x00000010   Code   RO         6589    i.USBD_CtlContinueSendData  usbd_ioreq.o
    0x0800393e   0x0800393e   0x00000016   Code   RO         6523    i.USBD_CtlError     usbd_ctlreq.o
    0x08003954   0x08003954   0x0000001e   Code   RO         6590    i.USBD_CtlPrepareRx  usbd_ioreq.o
    0x08003972   0x08003972   0x00000016   Code   RO         6591    i.USBD_CtlReceiveStatus  usbd_ioreq.o
    0x08003988   0x08003988   0x0000001a   Code   RO         6592    i.USBD_CtlSendData  usbd_ioreq.o
    0x080039a2   0x080039a2   0x00000016   Code   RO         6593    i.USBD_CtlSendStatus  usbd_ioreq.o
    0x080039b8   0x080039b8   0x00000020   Code   RO         6036    i.USBD_FS_ConfigStrDescriptor  usbd_desc.o
    0x080039d8   0x080039d8   0x0000000c   Code   RO         6037    i.USBD_FS_DeviceDescriptor  usbd_desc.o
    0x080039e4   0x080039e4   0x00000024   Code   RO         6038    i.USBD_FS_InterfaceStrDescriptor  usbd_desc.o
    0x08003a08   0x08003a08   0x0000000c   Code   RO         6039    i.USBD_FS_LangIDStrDescriptor  usbd_desc.o
    0x08003a14   0x08003a14   0x00000028   Code   RO         6040    i.USBD_FS_ManufacturerStrDescriptor  usbd_desc.o
    0x08003a3c   0x08003a3c   0x0000002c   Code   RO         6041    i.USBD_FS_ProductStrDescriptor  usbd_desc.o
    0x08003a68   0x08003a68   0x00000038   Code   RO         6042    i.USBD_FS_SerialStrDescriptor  usbd_desc.o
    0x08003aa0   0x08003aa0   0x000000e8   Code   RO         6524    i.USBD_GetDescriptor  usbd_ctlreq.o
    0x08003b88   0x08003b88   0x00000048   Code   RO         6525    i.USBD_GetString    usbd_ctlreq.o
    0x08003bd0   0x08003bd0   0x00000018   Code   RO         6187    i.USBD_Get_USB_Status  usbd_conf.o
    0x08003be8   0x08003be8   0x0000002a   Code   RO         6387    i.USBD_Init         usbd_core.o
    0x08003c12   0x08003c12   0x00000012   Code   RO         6188    i.USBD_LL_ClearStallEP  usbd_conf.o
    0x08003c24   0x08003c24   0x00000012   Code   RO         6189    i.USBD_LL_CloseEP   usbd_conf.o
    0x08003c36   0x08003c36   0x000000c6   Code   RO         6388    i.USBD_LL_DataInStage  usbd_core.o
    0x08003cfc   0x08003cfc   0x00000082   Code   RO         6389    i.USBD_LL_DataOutStage  usbd_core.o
    0x08003d7e   0x08003d7e   0x00000008   Code   RO         6193    i.USBD_LL_GetRxDataSize  usbd_conf.o
    0x08003d86   0x08003d86   0x00000002   PAD
    0x08003d88   0x08003d88   0x00000080   Code   RO         6194    i.USBD_LL_Init      usbd_conf.o
    0x08003e08   0x08003e08   0x00000020   Code   RO         6195    i.USBD_LL_IsStallEP  usbd_conf.o
    0x08003e28   0x08003e28   0x00000018   Code   RO         6196    i.USBD_LL_OpenEP    usbd_conf.o
    0x08003e40   0x08003e40   0x00000012   Code   RO         6197    i.USBD_LL_PrepareReceive  usbd_conf.o
    0x08003e52   0x08003e52   0x00000050   Code   RO         6394    i.USBD_LL_Reset     usbd_core.o
    0x08003ea2   0x08003ea2   0x00000014   Code   RO         6395    i.USBD_LL_Resume    usbd_core.o
    0x08003eb6   0x08003eb6   0x00000018   Code   RO         6396    i.USBD_LL_SOF       usbd_core.o
    0x08003ece   0x08003ece   0x00000006   Code   RO         6397    i.USBD_LL_SetSpeed  usbd_core.o
    0x08003ed4   0x08003ed4   0x00000012   Code   RO         6198    i.USBD_LL_SetUSBAddress  usbd_conf.o
    0x08003ee6   0x08003ee6   0x0000005a   Code   RO         6398    i.USBD_LL_SetupStage  usbd_core.o
    0x08003f40   0x08003f40   0x00000012   Code   RO         6199    i.USBD_LL_StallEP   usbd_conf.o
    0x08003f52   0x08003f52   0x00000012   Code   RO         6200    i.USBD_LL_Start     usbd_conf.o
    0x08003f64   0x08003f64   0x00000012   Code   RO         6399    i.USBD_LL_Suspend   usbd_core.o
    0x08003f76   0x08003f76   0x00000012   Code   RO         6202    i.USBD_LL_Transmit  usbd_conf.o
    0x08003f88   0x08003f88   0x00000028   Code   RO         6526    i.USBD_ParseSetupRequest  usbd_ctlreq.o
    0x08003fb0   0x08003fb0   0x00000010   Code   RO         6400    i.USBD_RegisterClass  usbd_core.o
    0x08003fc0   0x08003fc0   0x00000016   Code   RO         6402    i.USBD_SetClassConfig  usbd_core.o
    0x08003fd6   0x08003fd6   0x00000002   PAD
    0x08003fd8   0x08003fd8   0x00000084   Code   RO         6527    i.USBD_SetConfig    usbd_ctlreq.o
    0x0800405c   0x0800405c   0x0000000a   Code   RO         6403    i.USBD_Start        usbd_core.o
    0x08004066   0x08004066   0x00000112   Code   RO         6528    i.USBD_StdDevReq    usbd_ctlreq.o
    0x08004178   0x08004178   0x00000150   Code   RO         6529    i.USBD_StdEPReq     usbd_ctlreq.o
    0x080042c8   0x080042c8   0x0000004e   Code   RO         6530    i.USBD_StdItfReq    usbd_ctlreq.o
    0x08004316   0x08004316   0x00000002   Code   RO         6203    i.USBD_static_free  usbd_conf.o
    0x08004318   0x08004318   0x00000008   Code   RO         6204    i.USBD_static_malloc  usbd_conf.o
    0x08004320   0x08004320   0x00000258   Code   RO         1164    i.USB_ActivateEndpoint  stm32f1xx_ll_usb.o
    0x08004578   0x08004578   0x00000004   Code   RO         1167    i.USB_CoreInit      stm32f1xx_ll_usb.o
    0x0800457c   0x0800457c   0x0000010e   Code   RO         1169    i.USB_DeactivateEndpoint  stm32f1xx_ll_usb.o
    0x0800468a   0x0800468a   0x00000004   Code   RO         1170    i.USB_DevConnect    stm32f1xx_ll_usb.o
    0x0800468e   0x0800468e   0x00000004   Code   RO         1171    i.USB_DevDisconnect  stm32f1xx_ll_usb.o
    0x08004692   0x08004692   0x00000012   Code   RO         1172    i.USB_DevInit       stm32f1xx_ll_usb.o
    0x080046a4   0x080046a4   0x0000000e   Code   RO         1173    i.USB_DisableGlobalInt  stm32f1xx_ll_usb.o
    0x080046b2   0x080046b2   0x00000004   Code   RO         1174    i.USB_EP0_OutStart  stm32f1xx_ll_usb.o
    0x080046b6   0x080046b6   0x00000078   Code   RO         1175    i.USB_EPClearStall  stm32f1xx_ll_usb.o
    0x0800472e   0x0800472e   0x00000032   Code   RO         1176    i.USB_EPSetStall    stm32f1xx_ll_usb.o
    0x08004760   0x08004760   0x0000060c   Code   RO         1177    i.USB_EPStartXfer   stm32f1xx_ll_usb.o
    0x08004d6c   0x08004d6c   0x00000012   Code   RO         1178    i.USB_EnableGlobalInt  stm32f1xx_ll_usb.o
    0x08004d7e   0x08004d7e   0x00000002   PAD
    0x08004d80   0x08004d80   0x0000000c   Code   RO          703    i.USB_LP_CAN1_RX0_IRQHandler  stm32f1xx_it.o
    0x08004d8c   0x08004d8c   0x00000006   Code   RO         1185    i.USB_ReadInterrupts  stm32f1xx_ll_usb.o
    0x08004d92   0x08004d92   0x00000002   PAD
    0x08004d94   0x08004d94   0x0000002c   Code   RO         1186    i.USB_ReadPMA       stm32f1xx_ll_usb.o
    0x08004dc0   0x08004dc0   0x00000004   Code   RO         1187    i.USB_SetCurrentMode  stm32f1xx_ll_usb.o
    0x08004dc4   0x08004dc4   0x0000000c   Code   RO         1188    i.USB_SetDevAddress  stm32f1xx_ll_usb.o
    0x08004dd0   0x08004dd0   0x00000026   Code   RO         1190    i.USB_WritePMA      stm32f1xx_ll_usb.o
    0x08004df6   0x08004df6   0x00000002   Code   RO          704    i.UsageFault_Handler  stm32f1xx_it.o
    0x08004df8   0x08004df8   0x00000020   Code   RO         1832    i.__NVIC_SetPriority  stm32f1xx_hal_cortex.o
    0x08004e18   0x08004e18   0x0000002c   Code   RO           14    i.__armlib_thread_safety_init  armlib_lock_glue.o
    0x08004e44   0x08004e44   0x00000038   Code   RO           15    i._mutex_acquire    armlib_lock_glue.o
    0x08004e7c   0x08004e7c   0x00000038   Code   RO           16    i._mutex_free       armlib_lock_glue.o
    0x08004eb4   0x08004eb4   0x00000064   Code   RO           17    i._mutex_initialize  armlib_lock_glue.o
    0x08004f18   0x08004f18   0x00000038   Code   RO           18    i._mutex_release    armlib_lock_glue.o
    0x08004f50   0x08004f50   0x00000002   Code   RO         6751    i.app_main          app_main.o
    0x08004f52   0x08004f52   0x00000002   PAD
    0x08004f54   0x08004f54   0x0000006c   Code   RO          127    i.main              main.o
    0x08004fc0   0x08004fc0   0x0000000c   Code   RO         5488    i.makeFreeRtosPriority  cmsis_os.o
    0x08004fcc   0x08004fcc   0x0000000e   Code   RO         5490    i.osDelay           cmsis_os.o
    0x08004fda   0x08004fda   0x0000000a   Code   RO         5493    i.osKernelStart     cmsis_os.o
    0x08004fe4   0x08004fe4   0x00000054   Code   RO         5527    i.osThreadCreate    cmsis_os.o
    0x08005038   0x08005038   0x00000070   Code   RO         5185    i.prvAddCurrentTaskToDelayedList  tasks.o
    0x080050a8   0x080050a8   0x000000d0   Code   RO         5186    i.prvAddNewTaskToReadyList  tasks.o
    0x08005178   0x08005178   0x00000034   Code   RO         5187    i.prvDeleteTCB      tasks.o
    0x080051ac   0x080051ac   0x0000004c   Code   RO         5846    i.prvHeapInit       heap_4.o
    0x080051f8   0x080051f8   0x00000060   Code   RO         5188    i.prvIdleTask       tasks.o
    0x08005258   0x08005258   0x0000008e   Code   RO         5189    i.prvInitialiseNewTask  tasks.o
    0x080052e6   0x080052e6   0x00000002   PAD
    0x080052e8   0x080052e8   0x0000004c   Code   RO         5847    i.prvInsertBlockIntoFreeList  heap_4.o
    0x08005334   0x08005334   0x00000020   Code   RO         5190    i.prvResetNextTaskUnblockTime  tasks.o
    0x08005354   0x08005354   0x00000028   Code   RO         5909    i.prvTaskExitError  port.o
    0x0800537c   0x0800537c   0x000000d8   Code   RO         5848    i.pvPortMalloc      heap_4.o
    0x08005454   0x08005454   0x00000024   Code   RO         5910    i.pxPortInitialiseStack  port.o
    0x08005478   0x08005478   0x00000036   Code   RO           19    i.stm32_lock_acquire  armlib_lock_glue.o
    0x080054ae   0x080054ae   0x0000002a   Code   RO           20    i.stm32_lock_release  armlib_lock_glue.o
    0x080054d8   0x080054d8   0x00000010   Code   RO          128    i.user_app_warper   main.o
    0x080054e8   0x080054e8   0x00000026   Code   RO         4818    i.uxListRemove      list.o
    0x0800550e   0x0800550e   0x00000002   PAD
    0x08005510   0x08005510   0x00000014   Code   RO          366    i.vApplicationGetIdleTaskMemory  freertos.o
    0x08005524   0x08005524   0x00000016   Code   RO         4819    i.vListInitialise   list.o
    0x0800553a   0x0800553a   0x00000006   Code   RO         4820    i.vListInitialiseItem  list.o
    0x08005540   0x08005540   0x00000030   Code   RO         4821    i.vListInsert       list.o
    0x08005570   0x08005570   0x00000018   Code   RO         4822    i.vListInsertEnd    list.o
    0x08005588   0x08005588   0x00000040   Code   RO         5912    i.vPortEnterCritical  port.o
    0x080055c8   0x080055c8   0x00000028   Code   RO         5913    i.vPortExitCritical  port.o
    0x080055f0   0x080055f0   0x0000005c   Code   RO         5849    i.vPortFree         heap_4.o
    0x0800564c   0x0800564c   0x00000024   Code   RO         5914    i.vPortSetupTimerInterrupt  port.o
    0x08005670   0x08005670   0x0000004c   Code   RO         5198    i.vTaskDelay        tasks.o
    0x080056bc   0x080056bc   0x000000ac   Code   RO         5199    i.vTaskDelete       tasks.o
    0x08005768   0x08005768   0x0000006c   Code   RO         5211    i.vTaskStartScheduler  tasks.o
    0x080057d4   0x080057d4   0x00000010   Code   RO         5213    i.vTaskSuspendAll   tasks.o
    0x080057e4   0x080057e4   0x0000005c   Code   RO         5214    i.vTaskSwitchContext  tasks.o
    0x08005840   0x08005840   0x000000a8   Code   RO         5916    i.xPortStartScheduler  port.o
    0x080058e8   0x080058e8   0x0000005a   Code   RO         5216    i.xTaskCreate       tasks.o
    0x08005942   0x08005942   0x00000056   Code   RO         5217    i.xTaskCreateStatic  tasks.o
    0x08005998   0x08005998   0x000000c8   Code   RO         5224    i.xTaskIncrementTick  tasks.o
    0x08005a60   0x08005a60   0x000000c4   Code   RO         5230    i.xTaskResumeAll    tasks.o
    0x08005b24   0x08005b24   0x0000001c   Data   RO          368    .constdata          freertos.o
    0x08005b40   0x08005b40   0x00000010   Data   RO         4681    .constdata          system_stm32f1xx.o
    0x08005b50   0x08005b50   0x00000008   Data   RO         4682    .constdata          system_stm32f1xx.o
    0x08005b58   0x08005b58   0x0000000c   Data   RO          369    .conststring        freertos.o
    0x08005b64   0x08005b64   0x00000020   Data   RO         7313    Region$$Table       anon$$obj.o
    0x08005b84   0x08005b84   0x00000004   Data   RO           22    .init_array         armlib_lock_glue.o
    0x08005b88   0x08005b84   0x00000000   Data   RO         7114    .init_array         c_w.l(init_aeabi.o)


    Execution Region RW_IRAM1 (Exec base: 0x20000000, Load base: 0x08005b88, Size: 0x000072e8, Max: 0x0000c000, ABSOLUTE, COMPRESSED[0x000000c4])

    Exec Addr    Load Addr    Size         Type   Attr      Idx    E Section Name        Object

    0x20000000   COMPRESSED   0x00000004   Data   RW          370    .data               freertos.o
    0x20000004   COMPRESSED   0x0000000c   Data   RW         1369    .data               stm32f1xx_hal.o
    0x20000010   COMPRESSED   0x00000004   Data   RW         4683    .data               system_stm32f1xx.o
    0x20000014   COMPRESSED   0x0000003c   Data   RW         5233    .data               tasks.o
    0x20000050   COMPRESSED   0x00000018   Data   RW         5854    .data               heap_4.o
    0x20000068   COMPRESSED   0x0000000c   Data   RW         5917    .data               port.o
    0x20000074   COMPRESSED   0x0000001c   Data   RW         6044    .data               usbd_desc.o
    0x20000090   COMPRESSED   0x00000032   Data   RW         6045    .data               usbd_desc.o
    0x200000c2   COMPRESSED   0x00000002   PAD
    0x200000c4   COMPRESSED   0x00000010   Data   RW         6127    .data               usbd_cdc_if.o
    0x200000d4   COMPRESSED   0x00000001   Data   RW         6531    .data               usbd_ctlreq.o
    0x200000d5   COMPRESSED   0x00000003   PAD
    0x200000d8   COMPRESSED   0x000000d7   Data   RW         6663    .data               usbd_cdc.o
    0x200001af   COMPRESSED   0x00000001   PAD
    0x200001b0   COMPRESSED   0x00000038   Data   RW         6664    .data               usbd_cdc.o
    0x200001e8   COMPRESSED   0x00000008   Data   RW         6900    .data               speed_calculate.o
    0x200001f0        -       0x0000008c   Zero   RW           21    .bss                armlib_lock_glue.o
    0x2000027c        -       0x00000254   Zero   RW          367    .bss                freertos.o
    0x200004d0        -       0x00000030   Zero   RW          413    .bss                adc.o
    0x20000500        -       0x00000054   Zero   RW          455    .bss                i2c.o
    0x20000554        -       0x000000b0   Zero   RW          498    .bss                spi.o
    0x20000604        -       0x000001f8   Zero   RW          554    .bss                tim.o
    0x200007fc        -       0x000000cc   Zero   RW          643    .bss                usart.o
    0x200008c8        -       0x00000048   Zero   RW          819    .bss                stm32f1xx_hal_timebase_tim.o
    0x20000910        -       0x000001a4   Zero   RW         5232    .bss                tasks.o
    0x20000ab4        -       0x00005000   Zero   RW         5853    .bss                heap_4.o
    0x20005ab4        -       0x000002c4   Zero   RW         5988    .bss                usb_device.o
    0x20005d78        -       0x00000200   Zero   RW         6043    .bss                usbd_desc.o
    0x20005f78        -       0x00000400   Zero   RW         6126    .bss                usbd_cdc_if.o
    0x20006378        -       0x0000050c   Zero   RW         6205    .bss                usbd_conf.o
    0x20006884        -       0x00000060   Zero   RW         7240    .bss                c_w.l(libspace.o)
    0x200068e4   COMPRESSED   0x00000004   PAD
    0x200068e8        -       0x00000600   Zero   RW            2    HEAP                startup_stm32f103xe.o
    0x20006ee8        -       0x00000400   Zero   RW            1    STACK               startup_stm32f103xe.o


==============================================================================

Image component sizes


      Code (inc. data)   RO Data    RW Data    ZI Data      Debug   Object Name

       168         24          0          0         48       1701   adc.o
         2          0          0          0          0        411   app_main.o
       408         26          4          0        140      19186   armlib_lock_glue.o
       120          0          0          0          0      17005   cmsis_os.o
         0          0          0          0          0      18216   event_groups.o
        72         14         40          4        596       2470   freertos.o
       144         16          0          0          0        979   gpio.o
       460         24          0         24      20480       7339   heap_4.o
       160         28          0          0         84       1689   i2c.o
        88         22          0          0          0        941   isr.o
       138          0          0          0          0       3486   list.o
       274         14          0          0          0     560270   main.o
       578         60          0         12          0      10500   port.o
         0          0          0          8          0       1192   speed_calculate.o
       312         38          0          0        176       2378   spi.o
        64         26        304          0       2560        824   startup_stm32f103xe.o
        64         14          0         12          0       5334   stm32f1xx_hal.o
       626         28          0          0          0       3416   stm32f1xx_hal_adc.o
       158         14          0          0          0      28258   stm32f1xx_hal_cortex.o
       504         42          0          0          0       2308   stm32f1xx_hal_gpio.o
       392         16          0          0          0       3127   stm32f1xx_hal_i2c.o
        72         10          0          0          0        898   stm32f1xx_hal_msp.o
      2980          0          0          0          0      14113   stm32f1xx_hal_pcd.o
        60          0          0          0          0       1206   stm32f1xx_hal_pcd_ex.o
      1344        112          0          0          0       5953   stm32f1xx_hal_rcc.o
       236         12          0          0          0       1412   stm32f1xx_hal_rcc_ex.o
       178          0          0          0          0       1259   stm32f1xx_hal_spi.o
      2032         76          0          0          0      17298   stm32f1xx_hal_tim.o
       212         20          0          0          0       3237   stm32f1xx_hal_tim_ex.o
       152         20          0          0         72       1523   stm32f1xx_hal_timebase_tim.o
       282          6          0          0          0       1920   stm32f1xx_hal_uart.o
        96         42          0          0          0       5833   stm32f1xx_it.o
      2758          0          0          0          0      16835   stm32f1xx_ll_usb.o
         0          0          0          0          0        392   stream_buffer.o
         2          0         24          4          0       1163   system_stm32f1xx.o
      1678        130          0         60        420      17212   tasks.o
      1488        126          0          0        504       7536   tim.o
       472         58          0          0        204       3174   usart.o
        84         18          0          0        708       2583   usb_device.o
       672         16          0        271          0      12556   usbd_cdc.o
        68         16          0         16       1024       2702   usbd_cdc_if.o
       556         30          0          0       1292      14565   usbd_conf.o
       670          0          0          0          0       9675   usbd_core.o
      1186         28          0          1          0       8048   usbd_ctlreq.o
       288        104          0         78        512       6069   usbd_desc.o
       132          0          0          0          0       4428   usbd_ioreq.o

    ----------------------------------------------------------------------
     22468       1230        404        496      28820     852620   Object Totals
         0          0         32          0          0          0   (incl. Generated)
        38          0          0          6          0          0   (incl. Padding)

    ----------------------------------------------------------------------

      Code (inc. data)   RO Data    RW Data    ZI Data      Debug   Library Member Name

        90          0          0          0          0          0   __dczerorl2.o
         8          0          0          0          0         68   __main.o
         0          0          0          0          0          0   __rtentry.o
        12          0          0          0          0          0   __rtentry2.o
         6          0          0          0          0          0   __rtentry4.o
        52          8          0          0          0          0   __scatter.o
        28          0          0          0          0          0   __scatter_zi.o
        18          0          0          0          0         80   exit.o
         6          0          0          0          0        152   heapauxi.o
         0          0          0          0          0          0   indicate_semi.o
        36         10          0          0          0         80   init_aeabi.o
         2          0          0          0          0          0   libinit.o
         6          0          0          0          0          0   libinit2.o
         2          0          0          0          0          0   libshutdown.o
         2          0          0          0          0          0   libshutdown2.o
         8          4          0          0         96         68   libspace.o
        78          0          0          0          0         80   rt_memclr_w.o
       100          0          0          0          0         80   rt_memcpy_w.o
         2          0          0          0          0          0   rtexit.o
        10          0          0          0          0          0   rtexit2.o
        12          4          0          0          0         68   sys_exit.o
        74          0          0          0          0         80   sys_stackheap_outer.o
         2          0          0          0          0         68   use_no_semi.o

    ----------------------------------------------------------------------
       560         26          0          0        100        824   Library Totals
         6          0          0          0          4          0   (incl. Padding)

    ----------------------------------------------------------------------

      Code (inc. data)   RO Data    RW Data    ZI Data      Debug   Library Name

       554         26          0          0         96        824   c_w.l

    ----------------------------------------------------------------------
       560         26          0          0        100        824   Library Totals

    ----------------------------------------------------------------------

==============================================================================


      Code (inc. data)   RO Data    RW Data    ZI Data      Debug   

     23028       1256        404        496      28920     840440   Grand Totals
     23028       1256        404        196      28920     840440   ELF Image Totals (compressed)
     23028       1256        404        196          0          0   ROM Totals

==============================================================================

    Total RO  Size (Code + RO Data)                23432 (  22.88kB)
    Total RW  Size (RW Data + ZI Data)             29416 (  28.73kB)
    Total ROM Size (Code + RO Data + RW Data)      23628 (  23.07kB)

==============================================================================

